ARM Linker, 5.03 [Build 76] [MDK-ARM Lite]

==============================================================================

Section Cross References

    main.o(i.GPIO_Conf) refers to stm32l1xx_rcc.o(i.RCC_AHBPeriphClockCmd) for RCC_AHBPeriphClockCmd
    main.o(i.GPIO_Conf) refers to stm32l1xx_gpio.o(i.GPIO_Init) for GPIO_Init
    main.o(i.NVIC_Conf) refers to misc.o(i.NVIC_SetVectorTable) for NVIC_SetVectorTable
    main.o(i.NVIC_Conf) refers to misc.o(i.NVIC_Init) for NVIC_Init
    main.o(i.SysTick_Conf) refers to misc.o(i.SysTick_CLKSourceConfig) for SysTick_CLKSourceConfig
    main.o(i.SysTick_Conf) refers to system_stm32l1xx.o(.data) for SystemCoreClock
    main.o(i.TIM3_Conf) refers to stm32l1xx_rcc.o(i.RCC_AHBPeriphClockCmd) for RCC_AHBPeriphClockCmd
    main.o(i.TIM3_Conf) refers to stm32l1xx_gpio.o(i.GPIO_Init) for GPIO_Init
    main.o(i.TIM3_Conf) refers to stm32l1xx_gpio.o(i.GPIO_PinAFConfig) for GPIO_PinAFConfig
    main.o(i.TIM3_Conf) refers to stm32l1xx_rcc.o(i.RCC_APB1PeriphClockCmd) for RCC_APB1PeriphClockCmd
    main.o(i.TIM3_Conf) refers to stm32l1xx_tim.o(i.TIM_TimeBaseInit) for TIM_TimeBaseInit
    main.o(i.TIM3_Conf) refers to stm32l1xx_tim.o(i.TIM_OC1Init) for TIM_OC1Init
    main.o(i.TIM3_Conf) refers to stm32l1xx_tim.o(i.TIM_OC1PreloadConfig) for TIM_OC1PreloadConfig
    main.o(i.TIM3_Conf) refers to stm32l1xx_tim.o(i.TIM_OC2Init) for TIM_OC2Init
    main.o(i.TIM3_Conf) refers to stm32l1xx_tim.o(i.TIM_OC2PreloadConfig) for TIM_OC2PreloadConfig
    main.o(i.TIM3_Conf) refers to stm32l1xx_tim.o(i.TIM_ARRPreloadConfig) for TIM_ARRPreloadConfig
    main.o(i.TIM3_Conf) refers to stm32l1xx_tim.o(i.TIM_ITConfig) for TIM_ITConfig
    main.o(i.TIM3_Conf) refers to stm32l1xx_tim.o(i.TIM_Cmd) for TIM_Cmd
    main.o(i.TIM3_Conf) refers to stm32l1xx_tim.o(i.TIM_CCxCmd) for TIM_CCxCmd
    main.o(i.kl1_press) refers to fadd.o(.text) for __aeabi_fadd
    main.o(i.kl1_press) refers to fmul.o(.text) for __aeabi_fmul
    main.o(i.kl1_press) refers to ffixui.o(.text) for __aeabi_f2uiz
    main.o(i.kl1_press) refers to main.o(.data) for .data
    main.o(i.kl1_rep) refers to main.o(.data) for .data
    main.o(i.kl2_press) refers to fadd.o(.text) for __aeabi_fsub
    main.o(i.kl2_press) refers to fmul.o(.text) for __aeabi_fmul
    main.o(i.kl2_press) refers to ffixui.o(.text) for __aeabi_f2uiz
    main.o(i.kl2_press) refers to main.o(.data) for .data
    main.o(i.kl2_rep) refers to main.o(.data) for .data
    main.o(i.kl3_press) refers to fadd.o(.text) for __aeabi_fadd
    main.o(i.kl3_press) refers to fmul.o(.text) for __aeabi_fmul
    main.o(i.kl3_press) refers to ffixui.o(.text) for __aeabi_f2uiz
    main.o(i.kl3_press) refers to main.o(.data) for .data
    main.o(i.kl3_rep) refers to main.o(.data) for .data
    main.o(i.kl4_press) refers to fadd.o(.text) for __aeabi_fsub
    main.o(i.kl4_press) refers to fmul.o(.text) for __aeabi_fmul
    main.o(i.kl4_press) refers to ffixui.o(.text) for __aeabi_f2uiz
    main.o(i.kl4_press) refers to main.o(.data) for .data
    main.o(i.kl4_rep) refers to main.o(.data) for .data
    main.o(i.main) refers to main.o(i.NVIC_Conf) for NVIC_Conf
    main.o(i.main) refers to main.o(i.SysTick_Conf) for SysTick_Conf
    main.o(i.main) refers to main.o(i.GPIO_Conf) for GPIO_Conf
    main.o(i.main) refers to main.o(i.TIM3_Conf) for TIM3_Conf
    main.o(i.main) refers to superdebounce.o(i.SuperDebounce) for SuperDebounce
    main.o(i.main) refers to main.o(i.kl1_rep) for kl1_rep
    main.o(i.main) refers to main.o(i.kl1_press) for kl1_press
    main.o(i.main) refers to main.o(i.kl2_rep) for kl2_rep
    main.o(i.main) refers to main.o(i.kl2_press) for kl2_press
    main.o(i.main) refers to main.o(i.kl3_rep) for kl3_rep
    main.o(i.main) refers to main.o(i.kl3_press) for kl3_press
    main.o(i.main) refers to superdebounce.o(.data) for k1
    main.o(i.main) refers to superdebounce.o(.data) for k2
    main.o(i.main) refers to superdebounce.o(.data) for k3
    main.o(i.main) refers to main.o(i.kl4_rep) for kl4_rep
    main.o(i.main) refers to main.o(i.kl4_press) for kl4_press
    main.o(i.main) refers to superdebounce.o(.data) for k4
    stm32l1xx_it.o(i.SysTick_Handler) refers to superdebounce.o(.data) for Timer1
    stm32l1xx_it.o(i.TIM3_IRQHandler) refers to stm32l1xx_tim.o(i.TIM_GetITStatus) for TIM_GetITStatus
    stm32l1xx_it.o(i.TIM3_IRQHandler) refers to stm32l1xx_tim.o(i.TIM_ClearITPendingBit) for TIM_ClearITPendingBit
    superdebounce.o(i.SuperDebounce) refers to superdebounce.o(.data) for .data
    stm32l1xx_adc.o(i.ADC_DeInit) refers to stm32l1xx_rcc.o(i.RCC_APB2PeriphResetCmd) for RCC_APB2PeriphResetCmd
    stm32l1xx_aes.o(i.AES_DeInit) refers to stm32l1xx_rcc.o(i.RCC_AHBPeriphResetCmd) for RCC_AHBPeriphResetCmd
    stm32l1xx_aes_util.o(i.AES_CBC_Decrypt) refers to stm32l1xx_aes.o(i.AES_KeyInit) for AES_KeyInit
[...]
    stm32l1xx_flash.o(i.DATA_EEPROM_ProgramHalfWord) refers to stm32l1xx_flash.o(i.DATA_EEPROM_FastProgramWord) for DATA_EEPROM_FastProgramWord
    stm32l1xx_flash.o(i.DATA_EEPROM_ProgramHalfWord) refers to stm32l1xx_flash.o(i.DATA_EEPROM_FastProgramByte) for DATA_EEPROM_FastProgramByte
    stm32l1xx_flash.o(i.DATA_EEPROM_ProgramWord) refers to stm32l1xx_flash.o(i.FLASH_WaitForLastOperation) for FLASH_WaitForLastOperation
    stm32l1xx_flash.o(i.FLASH_ErasePage) refers to stm32l1xx_flash.o(i.FLASH_WaitForLastOperation) for FLASH_WaitForLastOperation
    stm32l1xx_flash.o(i.FLASH_FastProgramWord) refers to stm32l1xx_flash.o(i.FLASH_WaitForLastOperation) for FLASH_WaitForLastOperation
    stm32l1xx_flash.o(i.FLASH_OB_BORConfig) refers to stm32l1xx_flash.o(i.FLASH_WaitForLastOperation) for FLASH_WaitForLastOperation
    stm32l1xx_flash.o(i.FLASH_OB_BootConfig) refers to stm32l1xx_flash.o(i.FLASH_WaitForLastOperation) for FLASH_WaitForLastOperation
    stm32l1xx_flash.o(i.FLASH_OB_RDPConfig) refers to stm32l1xx_flash.o(i.FLASH_WaitForLastOperation) for FLASH_WaitForLastOperation
    stm32l1xx_flash.o(i.FLASH_OB_Unlock) refers to stm32l1xx_flash.o(i.DATA_EEPROM_Unlock) for DATA_EEPROM_Unlock
    stm32l1xx_flash.o(i.FLASH_OB_UserConfig) refers to stm32l1xx_flash.o(i.FLASH_WaitForLastOperation) for FLASH_WaitForLastOperation
    stm32l1xx_flash.o(i.FLASH_OB_WRP1Config) refers to stm32l1xx_flash.o(i.FLASH_WaitForLastOperation) for FLASH_WaitForLastOperation
    stm32l1xx_flash.o(i.FLASH_OB_WRP2Config) refers to stm32l1xx_flash.o(i.FLASH_WaitForLastOperation) for FLASH_WaitForLastOperation
    stm32l1xx_flash.o(i.FLASH_OB_WRPConfig) refers to stm32l1xx_flash.o(i.FLASH_WaitForLastOperation) for FLASH_WaitForLastOperation
    stm32l1xx_flash.o(i.FLASH_Unlock) refers to stm32l1xx_flash.o(i.DATA_EEPROM_Unlock) for DATA_EEPROM_Unlock
    stm32l1xx_flash.o(i.FLASH_WaitForLastOperation) refers to stm32l1xx_flash.o(i.FLASH_GetStatus) for FLASH_GetStatus
    stm32l1xx_flash_ramfunc.o(i.DATA_EEPROM_EraseDoubleWord) refers to stm32l1xx_flash_ramfunc.o(i.WaitForLastOperation) for WaitForLastOperation
    stm32l1xx_flash_ramfunc.o(i.DATA_EEPROM_ProgramDoubleWord) refers to stm32l1xx_flash_ramfunc.o(i.WaitForLastOperation) for WaitForLastOperation
    stm32l1xx_flash_ramfunc.o(i.FLASH_EraseParallelPage) refers to stm32l1xx_flash_ramfunc.o(i.WaitForLastOperation) for WaitForLastOperation
    stm32l1xx_flash_ramfunc.o(i.FLASH_ProgramHalfPage) refers to stm32l1xx_flash_ramfunc.o(i.WaitForLastOperation) for WaitForLastOperation
    stm32l1xx_flash_ramfunc.o(i.FLASH_ProgramParallelHalfPage) refers to stm32l1xx_flash_ramfunc.o(i.WaitForLastOperation) for WaitForLastOperation
    stm32l1xx_flash_ramfunc.o(i.WaitForLastOperation) refers to stm32l1xx_flash_ramfunc.o(i.GetStatus) for GetStatus
    stm32l1xx_gpio.o(i.GPIO_DeInit) refers to stm32l1xx_rcc.o(i.RCC_AHBPeriphResetCmd) for RCC_AHBPeriphResetCmd
    stm32l1xx_i2c.o(i.I2C_DeInit) refers to stm32l1xx_rcc.o(i.RCC_APB1PeriphResetCmd) for RCC_APB1PeriphResetCmd
    stm32l1xx_i2c.o(i.I2C_Init) refers to stm32l1xx_rcc.o(i.RCC_GetClocksFreq) for RCC_GetClocksFreq
    stm32l1xx_lcd.o(i.LCD_DeInit) refers to stm32l1xx_rcc.o(i.RCC_APB1PeriphResetCmd) for RCC_APB1PeriphResetCmd
    stm32l1xx_lcd.o(i.LCD_Init) refers to stm32l1xx_lcd.o(i.LCD_WaitForSynchro) for LCD_WaitForSynchro
    stm32l1xx_pwr.o(i.PWR_DeInit) refers to stm32l1xx_rcc.o(i.RCC_APB1PeriphResetCmd) for RCC_APB1PeriphResetCmd
    stm32l1xx_rcc.o(i.RCC_GetClocksFreq) refers to stm32l1xx_rcc.o(.data) for .data
    stm32l1xx_rcc.o(i.RCC_WaitForHSEStartUp) refers to stm32l1xx_rcc.o(i.RCC_GetFlagStatus) for RCC_GetFlagStatus
    stm32l1xx_rtc.o(i.RTC_CoarseCalibCmd) refers to stm32l1xx_rtc.o(i.RTC_EnterInitMode) for RTC_EnterInitMode
    stm32l1xx_rtc.o(i.RTC_CoarseCalibCmd) refers to stm32l1xx_rtc.o(i.RTC_ExitInitMode) for RTC_ExitInitMode
    stm32l1xx_rtc.o(i.RTC_CoarseCalibConfig) refers to stm32l1xx_rtc.o(i.RTC_EnterInitMode) for RTC_EnterInitMode
    stm32l1xx_rtc.o(i.RTC_CoarseCalibConfig) refers to stm32l1xx_rtc.o(i.RTC_ExitInitMode) for RTC_ExitInitMode
    stm32l1xx_rtc.o(i.RTC_DeInit) refers to stm32l1xx_rtc.o(i.RTC_EnterInitMode) for RTC_EnterInitMode
    stm32l1xx_rtc.o(i.RTC_DeInit) refers to stm32l1xx_rtc.o(i.RTC_WaitForSynchro) for RTC_WaitForSynchro
    stm32l1xx_rtc.o(i.RTC_GetAlarm) refers to stm32l1xx_rtc.o(i.RTC_Bcd2ToByte) for RTC_Bcd2ToByte
    stm32l1xx_rtc.o(i.RTC_GetDate) refers to stm32l1xx_rtc.o(i.RTC_Bcd2ToByte) for RTC_Bcd2ToByte
    stm32l1xx_rtc.o(i.RTC_GetTime) refers to stm32l1xx_rtc.o(i.RTC_Bcd2ToByte) for RTC_Bcd2ToByte
    stm32l1xx_rtc.o(i.RTC_GetTimeStamp) refers to stm32l1xx_rtc.o(i.RTC_Bcd2ToByte) for RTC_Bcd2ToByte
    stm32l1xx_rtc.o(i.RTC_Init) refers to stm32l1xx_rtc.o(i.RTC_EnterInitMode) for RTC_EnterInitMode
    stm32l1xx_rtc.o(i.RTC_Init) refers to stm32l1xx_rtc.o(i.RTC_ExitInitMode) for RTC_ExitInitMode
    stm32l1xx_rtc.o(i.RTC_RefClockCmd) refers to stm32l1xx_rtc.o(i.RTC_EnterInitMode) for RTC_EnterInitMode
    stm32l1xx_rtc.o(i.RTC_RefClockCmd) refers to stm32l1xx_rtc.o(i.RTC_ExitInitMode) for RTC_ExitInitMode
    stm32l1xx_rtc.o(i.RTC_SetAlarm) refers to stm32l1xx_rtc.o(i.RTC_Bcd2ToByte) for RTC_Bcd2ToByte
    stm32l1xx_rtc.o(i.RTC_SetAlarm) refers to stm32l1xx_rtc.o(i.RTC_ByteToBcd2) for RTC_ByteToBcd2
    stm32l1xx_rtc.o(i.RTC_SetDate) refers to stm32l1xx_rtc.o(i.RTC_Bcd2ToByte) for RTC_Bcd2ToByte
    stm32l1xx_rtc.o(i.RTC_SetDate) refers to stm32l1xx_rtc.o(i.RTC_EnterInitMode) for RTC_EnterInitMode
    stm32l1xx_rtc.o(i.RTC_SetDate) refers to stm32l1xx_rtc.o(i.RTC_ExitInitMode) for RTC_ExitInitMode
    stm32l1xx_rtc.o(i.RTC_SetDate) refers to stm32l1xx_rtc.o(i.RTC_WaitForSynchro) for RTC_WaitForSynchro
    stm32l1xx_rtc.o(i.RTC_SetDate) refers to stm32l1xx_rtc.o(i.RTC_ByteToBcd2) for RTC_ByteToBcd2
    stm32l1xx_rtc.o(i.RTC_SetTime) refers to stm32l1xx_rtc.o(i.RTC_Bcd2ToByte) for RTC_Bcd2ToByte
    stm32l1xx_rtc.o(i.RTC_SetTime) refers to stm32l1xx_rtc.o(i.RTC_ByteToBcd2) for RTC_ByteToBcd2
    stm32l1xx_rtc.o(i.RTC_SetTime) refers to stm32l1xx_rtc.o(i.RTC_EnterInitMode) for RTC_EnterInitMode
    stm32l1xx_rtc.o(i.RTC_SetTime) refers to stm32l1xx_rtc.o(i.RTC_ExitInitMode) for RTC_ExitInitMode
    stm32l1xx_rtc.o(i.RTC_SetTime) refers to stm32l1xx_rtc.o(i.RTC_WaitForSynchro) for RTC_WaitForSynchro
    stm32l1xx_rtc.o(i.RTC_SynchroShiftConfig) refers to stm32l1xx_rtc.o(i.RTC_WaitForSynchro) for RTC_WaitForSynchro
    stm32l1xx_sdio.o(i.SDIO_DeInit) refers to stm32l1xx_rcc.o(i.RCC_APB2PeriphResetCmd) for RCC_APB2PeriphResetCmd
    stm32l1xx_spi.o(i.I2S_Init) refers to stm32l1xx_rcc.o(i.RCC_GetClocksFreq) for RCC_GetClocksFreq
    stm32l1xx_spi.o(i.SPI_I2S_DeInit) refers to stm32l1xx_rcc.o(i.RCC_APB2PeriphResetCmd) for RCC_APB2PeriphResetCmd
    stm32l1xx_spi.o(i.SPI_I2S_DeInit) refers to stm32l1xx_rcc.o(i.RCC_APB1PeriphResetCmd) for RCC_APB1PeriphResetCmd
    stm32l1xx_syscfg.o(i.SYSCFG_DeInit) refers to stm32l1xx_rcc.o(i.RCC_APB2PeriphResetCmd) for RCC_APB2PeriphResetCmd
    stm32l1xx_tim.o(i.TIM_DeInit) refers to stm32l1xx_rcc.o(i.RCC_APB1PeriphResetCmd) for RCC_APB1PeriphResetCmd
    stm32l1xx_tim.o(i.TIM_DeInit) refers to stm32l1xx_rcc.o(i.RCC_APB2PeriphResetCmd) for RCC_APB2PeriphResetCmd
    stm32l1xx_tim.o(i.TIM_ETRClockMode1Config) refers to stm32l1xx_tim.o(i.TIM_ETRConfig) for TIM_ETRConfig
    stm32l1xx_tim.o(i.TIM_ETRClockMode2Config) refers to stm32l1xx_tim.o(i.TIM_ETRConfig) for TIM_ETRConfig
    stm32l1xx_tim.o(i.TIM_ICInit) refers to stm32l1xx_tim.o(i.TIM_SetIC4Prescaler) for TIM_SetIC4Prescaler
    stm32l1xx_tim.o(i.TIM_ICInit) refers to stm32l1xx_tim.o(i.TI1_Config) for TI1_Config
    stm32l1xx_tim.o(i.TIM_ICInit) refers to stm32l1xx_tim.o(i.TIM_SetIC1Prescaler) for TIM_SetIC1Prescaler
    stm32l1xx_tim.o(i.TIM_ICInit) refers to stm32l1xx_tim.o(i.TI2_Config) for TI2_Config
    stm32l1xx_tim.o(i.TIM_ICInit) refers to stm32l1xx_tim.o(i.TIM_SetIC2Prescaler) for TIM_SetIC2Prescaler
    stm32l1xx_tim.o(i.TIM_ICInit) refers to stm32l1xx_tim.o(i.TIM_SetIC3Prescaler) for TIM_SetIC3Prescaler
    stm32l1xx_tim.o(i.TIM_ITRxExternalClockConfig) refers to stm32l1xx_tim.o(i.TIM_SelectInputTrigger) for TIM_SelectInputTrigger
    stm32l1xx_tim.o(i.TIM_PWMIConfig) refers to stm32l1xx_tim.o(i.TI2_Config) for TI2_Config
    stm32l1xx_tim.o(i.TIM_PWMIConfig) refers to stm32l1xx_tim.o(i.TIM_SetIC2Prescaler) for TIM_SetIC2Prescaler
    stm32l1xx_tim.o(i.TIM_PWMIConfig) refers to stm32l1xx_tim.o(i.TI1_Config) for TI1_Config
    stm32l1xx_tim.o(i.TIM_PWMIConfig) refers to stm32l1xx_tim.o(i.TIM_SetIC1Prescaler) for TIM_SetIC1Prescaler
    stm32l1xx_tim.o(i.TIM_TIxExternalClockConfig) refers to stm32l1xx_tim.o(i.TI1_Config) for TI1_Config
    stm32l1xx_tim.o(i.TIM_TIxExternalClockConfig) refers to stm32l1xx_tim.o(i.TIM_SelectInputTrigger) for TIM_SelectInputTrigger
    stm32l1xx_tim.o(i.TIM_TIxExternalClockConfig) refers to stm32l1xx_tim.o(i.TI2_Config) for TI2_Config
    stm32l1xx_usart.o(i.USART_DeInit) refers to stm32l1xx_rcc.o(i.RCC_APB2PeriphResetCmd) for RCC_APB2PeriphResetCmd
    stm32l1xx_usart.o(i.USART_DeInit) refers to stm32l1xx_rcc.o(i.RCC_APB1PeriphResetCmd) for RCC_APB1PeriphResetCmd
    stm32l1xx_usart.o(i.USART_Init) refers to stm32l1xx_rcc.o(i.RCC_GetClocksFreq) for RCC_GetClocksFreq
    stm32l1xx_wwdg.o(i.WWDG_DeInit) refers to stm32l1xx_rcc.o(i.RCC_APB1PeriphResetCmd) for RCC_APB1PeriphResetCmd
    system_stm32l1xx.o(i.SystemCoreClockUpdate) refers to system_stm32l1xx.o(.data) for .data
    system_stm32l1xx.o(i.SystemInit) refers to system_stm32l1xx.o(i.SetSysClock) for SetSysClock
    startup_stm32l1xx_md.o(RESET) refers to startup_stm32l1xx_md.o(STACK) for __initial_sp
    startup_stm32l1xx_md.o(RESET) refers to startup_stm32l1xx_md.o(.text) for Reset_Handler
    startup_stm32l1xx_md.o(RESET) refers to stm32l1xx_it.o(i.NMI_Handler) for NMI_Handler
    startup_stm32l1xx_md.o(RESET) refers to stm32l1xx_it.o(i.HardFault_Handler) for HardFault_Handler
    startup_stm32l1xx_md.o(RESET) refers to stm32l1xx_it.o(i.MemManage_Handler) for MemManage_Handler
    startup_stm32l1xx_md.o(RESET) refers to stm32l1xx_it.o(i.BusFault_Handler) for BusFault_Handler
    startup_stm32l1xx_md.o(RESET) refers to stm32l1xx_it.o(i.UsageFault_Handler) for UsageFault_Handler
    startup_stm32l1xx_md.o(RESET) refers to stm32l1xx_it.o(i.SVC_Handler) for SVC_Handler
    startup_stm32l1xx_md.o(RESET) refers to stm32l1xx_it.o(i.DebugMon_Handler) for DebugMon_Handler
    startup_stm32l1xx_md.o(RESET) refers to stm32l1xx_it.o(i.PendSV_Handler) for PendSV_Handler
    startup_stm32l1xx_md.o(RESET) refers to stm32l1xx_it.o(i.SysTick_Handler) for SysTick_Handler
    startup_stm32l1xx_md.o(RESET) refers to stm32l1xx_it.o(i.TIM3_IRQHandler) for TIM3_IRQHandler
    startup_stm32l1xx_md.o(.text) refers to system_stm32l1xx.o(i.SystemInit) for SystemInit
    startup_stm32l1xx_md.o(.text) refers to entry.o(.ARM.Collect$$$$00000000) for __main
    entry.o(.ARM.Collect$$$$00000000) refers (Special) to entry10a.o(.ARM.Collect$$$$0000000D) for __rt_final_cpp
    entry.o(.ARM.Collect$$$$00000000) refers (Special) to entry11a.o(.ARM.Collect$$$$0000000F) for __rt_final_exit
    entry.o(.ARM.Collect$$$$00000000) refers (Special) to entry7b.o(.ARM.Collect$$$$00000008) for _main_clock
    entry.o(.ARM.Collect$$$$00000000) refers (Special) to entry8b.o(.ARM.Collect$$$$0000000A) for _main_cpp_init
    entry.o(.ARM.Collect$$$$00000000) refers (Special) to entry9a.o(.ARM.Collect$$$$0000000B) for _main_init
    entry.o(.ARM.Collect$$$$00000000) refers (Special) to entry5.o(.ARM.Collect$$$$00000004) for _main_scatterload
    entry.o(.ARM.Collect$$$$00000000) refers (Special) to entry2.o(.ARM.Collect$$$$00000001) for _main_stk
    fadd.o(.text) refers (Special) to iusefp.o(.text) for __I$use$fp
    fadd.o(.text) refers to fepilogue.o(.text) for _float_epilogue
    fmul.o(.text) refers (Special) to iusefp.o(.text) for __I$use$fp
    ffixui.o(.text) refers (Special) to iusefp.o(.text) for __I$use$fp
    entry2.o(.ARM.Collect$$$$00000001) refers to entry2.o(.ARM.Collect$$$$00002712) for __lit__00000000
    entry2.o(.ARM.Collect$$$$00002712) refers to startup_stm32l1xx_md.o(STACK) for __initial_sp
    entry2.o(__vectab_stack_and_reset_area) refers to startup_stm32l1xx_md.o(STACK) for __initial_sp
    entry2.o(__vectab_stack_and_reset_area) refers to entry.o(.ARM.Collect$$$$00000000) for __main
    entry5.o(.ARM.Collect$$$$00000004) refers to init.o(.text) for __scatterload
    entry9a.o(.ARM.Collect$$$$0000000B) refers to main.o(i.main) for main
    entry9b.o(.ARM.Collect$$$$0000000C) refers to main.o(i.main) for main
    init.o(.text) refers to entry5.o(.ARM.Collect$$$$00000004) for __main_after_scatterload


==============================================================================

Removing Unused input sections from the image.

    Removing main.o(.rev16_text), (4 bytes).
    Removing main.o(.revsh_text), (4 bytes).
    Removing main.o(i.RCC_Conf), (2 bytes).
    Removing stm32l1xx_it.o(.rev16_text), (4 bytes).
    Removing stm32l1xx_it.o(.revsh_text), (4 bytes).
    Removing superdebounce.o(.rev16_text), (4 bytes).
    Removing superdebounce.o(.revsh_text), (4 bytes).
    Removing misc.o(.rev16_text), (4 bytes).
    Removing misc.o(.revsh_text), (4 bytes).
    Removing misc.o(i.NVIC_PriorityGroupConfig), (20 bytes).
    Removing misc.o(i.NVIC_SystemLPConfig), (24 bytes).
    Removing stm32l1xx_adc.o(.rev16_text), (4 bytes).
    Removing stm32l1xx_adc.o(.revsh_text), (4 bytes).
    Removing stm32l1xx_adc.o(i.ADC_AnalogWatchdogCmd), (16 bytes).
    Removing stm32l1xx_adc.o(i.ADC_AnalogWatchdogSingleChannelConfig), (12 bytes).
    Removing stm32l1xx_adc.o(i.ADC_AnalogWatchdogThresholdsConfig), (6 bytes).
    Removing stm32l1xx_adc.o(i.ADC_AutoInjectedConvCmd), (20 bytes).
    Removing stm32l1xx_adc.o(i.ADC_BankSelection), (20 bytes).
    Removing stm32l1xx_adc.o(i.ADC_ClearFlag), (6 bytes).
    Removing stm32l1xx_adc.o(i.ADC_ClearITPendingBit), (8 bytes).
    Removing stm32l1xx_adc.o(i.ADC_Cmd), (20 bytes).
    Removing stm32l1xx_adc.o(i.ADC_CommonInit), (20 bytes).
    Removing stm32l1xx_adc.o(i.ADC_CommonStructInit), (6 bytes).
    Removing stm32l1xx_adc.o(i.ADC_ContinuousModeCmd), (20 bytes).
    Removing stm32l1xx_adc.o(i.ADC_DMACmd), (20 bytes).
    Removing stm32l1xx_adc.o(i.ADC_DMARequestAfterLastTransferCmd), (20 bytes).
    Removing stm32l1xx_adc.o(i.ADC_DeInit), (36 bytes).
    Removing stm32l1xx_adc.o(i.ADC_DelaySelectionConfig), (12 bytes).
    Removing stm32l1xx_adc.o(i.ADC_DiscModeChannelCountConfig), (16 bytes).
    Removing stm32l1xx_adc.o(i.ADC_DiscModeCmd), (20 bytes).
    Removing stm32l1xx_adc.o(i.ADC_EOCOnEachRegularChannelCmd), (20 bytes).
    Removing stm32l1xx_adc.o(i.ADC_ExternalTrigInjectedConvConfig), (12 bytes).
    Removing stm32l1xx_adc.o(i.ADC_ExternalTrigInjectedConvEdgeConfig), (12 bytes).
    Removing stm32l1xx_adc.o(i.ADC_GetConversionValue), (6 bytes).
    Removing stm32l1xx_adc.o(i.ADC_GetFlagStatus), (14 bytes).
    Removing stm32l1xx_adc.o(i.ADC_GetITStatus), (30 bytes).
    Removing stm32l1xx_adc.o(i.ADC_GetInjectedConversionValue), (14 bytes).
    Removing stm32l1xx_adc.o(i.ADC_GetSoftwareStartConvStatus), (14 bytes).
    Removing stm32l1xx_adc.o(i.ADC_GetSoftwareStartInjectedConvCmdStatus), (14 bytes).
    Removing stm32l1xx_adc.o(i.ADC_ITConfig), (18 bytes).
    Removing stm32l1xx_adc.o(i.ADC_Init), (76 bytes).
    Removing stm32l1xx_adc.o(i.ADC_InjectedChannelConfig), (126 bytes).
    Removing stm32l1xx_adc.o(i.ADC_InjectedDiscModeCmd), (20 bytes).
    Removing stm32l1xx_adc.o(i.ADC_InjectedSequencerLengthConfig), (16 bytes).
    Removing stm32l1xx_adc.o(i.ADC_PowerDownCmd), (16 bytes).
    Removing stm32l1xx_adc.o(i.ADC_RegularChannelConfig), (216 bytes).
    Removing stm32l1xx_adc.o(i.ADC_SetInjectedOffset), (10 bytes).
    Removing stm32l1xx_adc.o(i.ADC_SoftwareStartConv), (10 bytes).
    Removing stm32l1xx_adc.o(i.ADC_SoftwareStartInjectedConv), (10 bytes).
    Removing stm32l1xx_adc.o(i.ADC_StructInit), (24 bytes).
    Removing stm32l1xx_adc.o(i.ADC_TempSensorVrefintCmd), (28 bytes).
    Removing stm32l1xx_aes.o(.rev16_text), (4 bytes).
    Removing stm32l1xx_aes.o(.revsh_text), (4 bytes).
    Removing stm32l1xx_aes.o(i.AES_ClearFlag), (28 bytes).
    Removing stm32l1xx_aes.o(i.AES_ClearITPendingBit), (16 bytes).
    Removing stm32l1xx_aes.o(i.AES_Cmd), (28 bytes).
    Removing stm32l1xx_aes.o(i.AES_DMAConfig), (24 bytes).
    Removing stm32l1xx_aes.o(i.AES_DeInit), (24 bytes).
    Removing stm32l1xx_aes.o(i.AES_GetFlagStatus), (20 bytes).
    Removing stm32l1xx_aes.o(i.AES_GetITStatus), (60 bytes).
    Removing stm32l1xx_aes.o(i.AES_ITConfig), (24 bytes).
    Removing stm32l1xx_aes.o(i.AES_IVInit), (24 bytes).
    Removing stm32l1xx_aes.o(i.AES_IVStructInit), (12 bytes).
    Removing stm32l1xx_aes.o(i.AES_Init), (32 bytes).
    Removing stm32l1xx_aes.o(i.AES_KeyInit), (24 bytes).
    Removing stm32l1xx_aes.o(i.AES_KeyStructInit), (12 bytes).
    Removing stm32l1xx_aes.o(i.AES_ReadIV), (24 bytes).
    Removing stm32l1xx_aes.o(i.AES_ReadKey), (24 bytes).
    Removing stm32l1xx_aes.o(i.AES_ReadSubData), (12 bytes).
    Removing stm32l1xx_aes.o(i.AES_StructInit), (10 bytes).
    Removing stm32l1xx_aes.o(i.AES_WriteSubData), (12 bytes).
    Removing stm32l1xx_aes_util.o(.rev16_text), (4 bytes).
    Removing stm32l1xx_aes_util.o(.revsh_text), (4 bytes).
    Removing stm32l1xx_aes_util.o(i.AES_CBC_Decrypt), (242 bytes).
    Removing stm32l1xx_aes_util.o(i.AES_CBC_Encrypt), (240 bytes).
    Removing stm32l1xx_aes_util.o(i.AES_CTR_Decrypt), (242 bytes).
    Removing stm32l1xx_aes_util.o(i.AES_CTR_Encrypt), (240 bytes).
    Removing stm32l1xx_aes_util.o(i.AES_ECB_Decrypt), (202 bytes).
    Removing stm32l1xx_aes_util.o(i.AES_ECB_Encrypt), (200 bytes).
    Removing stm32l1xx_comp.o(.rev16_text), (4 bytes).
    Removing stm32l1xx_comp.o(.revsh_text), (4 bytes).
    Removing stm32l1xx_comp.o(i.COMP_Cmd), (28 bytes).
    Removing stm32l1xx_comp.o(i.COMP_DeInit), (12 bytes).
    Removing stm32l1xx_comp.o(i.COMP_GetOutputLevel), (32 bytes).
    Removing stm32l1xx_comp.o(i.COMP_Init), (36 bytes).
    Removing stm32l1xx_comp.o(i.COMP_SW1SwitchConfig), (28 bytes).
    Removing stm32l1xx_comp.o(i.COMP_VrefintOutputCmd), (28 bytes).
    Removing stm32l1xx_comp.o(i.COMP_WindowCmd), (28 bytes).
    Removing stm32l1xx_crc.o(.rev16_text), (4 bytes).
    Removing stm32l1xx_crc.o(.revsh_text), (4 bytes).
    Removing stm32l1xx_crc.o(i.CRC_CalcBlockCRC), (28 bytes).
    Removing stm32l1xx_crc.o(i.CRC_CalcCRC), (12 bytes).
    Removing stm32l1xx_crc.o(i.CRC_GetCRC), (12 bytes).
    Removing stm32l1xx_crc.o(i.CRC_GetIDRegister), (12 bytes).
    Removing stm32l1xx_crc.o(i.CRC_ResetDR), (12 bytes).
    Removing stm32l1xx_crc.o(i.CRC_SetIDRegister), (12 bytes).
    Removing stm32l1xx_dac.o(.rev16_text), (4 bytes).
    Removing stm32l1xx_dac.o(.revsh_text), (4 bytes).
    Removing stm32l1xx_dac.o(i.DAC_ClearFlag), (12 bytes).
    Removing stm32l1xx_dac.o(i.DAC_ClearITPendingBit), (12 bytes).
    Removing stm32l1xx_dac.o(i.DAC_Cmd), (24 bytes).
    Removing stm32l1xx_dac.o(i.DAC_DMACmd), (24 bytes).
    Removing stm32l1xx_dac.o(i.DAC_DeInit), (24 bytes).
    Removing stm32l1xx_dac.o(i.DAC_DualSoftwareTriggerCmd), (28 bytes).
    Removing stm32l1xx_dac.o(i.DAC_GetDataOutputValue), (24 bytes).
    Removing stm32l1xx_dac.o(i.DAC_GetFlagStatus), (24 bytes).
    Removing stm32l1xx_dac.o(i.DAC_GetITStatus), (36 bytes).
    Removing stm32l1xx_dac.o(i.DAC_ITConfig), (24 bytes).
    Removing stm32l1xx_dac.o(i.DAC_Init), (40 bytes).
    Removing stm32l1xx_dac.o(i.DAC_SetChannel1Data), (20 bytes).
    Removing stm32l1xx_dac.o(i.DAC_SetChannel2Data), (20 bytes).
    Removing stm32l1xx_dac.o(i.DAC_SetDualChannelData), (28 bytes).
    Removing stm32l1xx_dac.o(i.DAC_SoftwareTriggerCmd), (28 bytes).
    Removing stm32l1xx_dac.o(i.DAC_StructInit), (12 bytes).
    Removing stm32l1xx_dac.o(i.DAC_WaveGenerationCmd), (24 bytes).
    Removing stm32l1xx_dbgmcu.o(.rev16_text), (4 bytes).
    Removing stm32l1xx_dbgmcu.o(.revsh_text), (4 bytes).
    Removing stm32l1xx_dbgmcu.o(i.DBGMCU_APB1PeriphConfig), (24 bytes).
    Removing stm32l1xx_dbgmcu.o(i.DBGMCU_APB2PeriphConfig), (24 bytes).
    Removing stm32l1xx_dbgmcu.o(i.DBGMCU_Config), (24 bytes).
    Removing stm32l1xx_dbgmcu.o(i.DBGMCU_GetDEVID), (16 bytes).
    Removing stm32l1xx_dbgmcu.o(i.DBGMCU_GetREVID), (12 bytes).
    Removing stm32l1xx_dma.o(.rev16_text), (4 bytes).
    Removing stm32l1xx_dma.o(.revsh_text), (4 bytes).
    Removing stm32l1xx_dma.o(i.DMA_ClearFlag), (24 bytes).
    Removing stm32l1xx_dma.o(i.DMA_ClearITPendingBit), (24 bytes).
    Removing stm32l1xx_dma.o(i.DMA_Cmd), (22 bytes).
    Removing stm32l1xx_dma.o(i.DMA_DeInit), (228 bytes).
    Removing stm32l1xx_dma.o(i.DMA_GetCurrDataCounter), (6 bytes).
    Removing stm32l1xx_dma.o(i.DMA_GetFlagStatus), (32 bytes).
    Removing stm32l1xx_dma.o(i.DMA_GetITStatus), (32 bytes).
    Removing stm32l1xx_dma.o(i.DMA_ITConfig), (16 bytes).
    Removing stm32l1xx_dma.o(i.DMA_Init), (58 bytes).
    Removing stm32l1xx_dma.o(i.DMA_SetCurrDataCounter), (4 bytes).
    Removing stm32l1xx_dma.o(i.DMA_StructInit), (26 bytes).
    Removing stm32l1xx_exti.o(.rev16_text), (4 bytes).
    Removing stm32l1xx_exti.o(.revsh_text), (4 bytes).
    Removing stm32l1xx_exti.o(i.EXTI_ClearFlag), (12 bytes).
    Removing stm32l1xx_exti.o(i.EXTI_ClearITPendingBit), (12 bytes).
    Removing stm32l1xx_exti.o(i.EXTI_DeInit), (36 bytes).
    Removing stm32l1xx_exti.o(i.EXTI_GenerateSWInterrupt), (16 bytes).
    Removing stm32l1xx_exti.o(i.EXTI_GetFlagStatus), (20 bytes).
    Removing stm32l1xx_exti.o(i.EXTI_GetITStatus), (32 bytes).
    Removing stm32l1xx_exti.o(i.EXTI_Init), (112 bytes).
    Removing stm32l1xx_exti.o(i.EXTI_StructInit), (14 bytes).
    Removing stm32l1xx_flash.o(.rev16_text), (4 bytes).
    Removing stm32l1xx_flash.o(.revsh_text), (4 bytes).
    Removing stm32l1xx_flash.o(i.DATA_EEPROM_EraseByte), (22 bytes).
    Removing stm32l1xx_flash.o(i.DATA_EEPROM_EraseHalfWord), (22 bytes).
    Removing stm32l1xx_flash.o(i.DATA_EEPROM_EraseWord), (22 bytes).
    Removing stm32l1xx_flash.o(i.DATA_EEPROM_FastProgramByte), (84 bytes).
    Removing stm32l1xx_flash.o(i.DATA_EEPROM_FastProgramHalfWord), (112 bytes).
    Removing stm32l1xx_flash.o(i.DATA_EEPROM_FastProgramWord), (48 bytes).
    Removing stm32l1xx_flash.o(i.DATA_EEPROM_FixedTimeProgramCmd), (28 bytes).
    Removing stm32l1xx_flash.o(i.DATA_EEPROM_Lock), (16 bytes).
    Removing stm32l1xx_flash.o(i.DATA_EEPROM_ProgramByte), (70 bytes).
    Removing stm32l1xx_flash.o(i.DATA_EEPROM_ProgramHalfWord), (96 bytes).
    Removing stm32l1xx_flash.o(i.DATA_EEPROM_ProgramWord), (34 bytes).
    Removing stm32l1xx_flash.o(i.DATA_EEPROM_Unlock), (36 bytes).
    Removing stm32l1xx_flash.o(i.FLASH_ClearFlag), (12 bytes).
    Removing stm32l1xx_flash.o(i.FLASH_ErasePage), (68 bytes).
    Removing stm32l1xx_flash.o(i.FLASH_FastProgramWord), (34 bytes).
    Removing stm32l1xx_flash.o(i.FLASH_GetFlagStatus), (20 bytes).
    Removing stm32l1xx_flash.o(i.FLASH_GetStatus), (40 bytes).
    Removing stm32l1xx_flash.o(i.FLASH_ITConfig), (24 bytes).
    Removing stm32l1xx_flash.o(i.FLASH_Lock), (16 bytes).
    Removing stm32l1xx_flash.o(i.FLASH_OB_BORConfig), (56 bytes).
    Removing stm32l1xx_flash.o(i.FLASH_OB_BootConfig), (56 bytes).
    Removing stm32l1xx_flash.o(i.FLASH_OB_GetBOR), (16 bytes).
    Removing stm32l1xx_flash.o(i.FLASH_OB_GetRDP), (20 bytes).
    Removing stm32l1xx_flash.o(i.FLASH_OB_GetUser), (16 bytes).
    Removing stm32l1xx_flash.o(i.FLASH_OB_GetWRP), (12 bytes).
    Removing stm32l1xx_flash.o(i.FLASH_OB_GetWRP1), (12 bytes).
    Removing stm32l1xx_flash.o(i.FLASH_OB_GetWRP2), (12 bytes).
    Removing stm32l1xx_flash.o(i.FLASH_OB_Launch), (16 bytes).
    Removing stm32l1xx_flash.o(i.FLASH_OB_Lock), (16 bytes).
    Removing stm32l1xx_flash.o(i.FLASH_OB_RDPConfig), (44 bytes).
    Removing stm32l1xx_flash.o(i.FLASH_OB_Unlock), (40 bytes).
    Removing stm32l1xx_flash.o(i.FLASH_OB_UserConfig), (60 bytes).
    Removing stm32l1xx_flash.o(i.FLASH_OB_WRP1Config), (84 bytes).
    Removing stm32l1xx_flash.o(i.FLASH_OB_WRP2Config), (84 bytes).
    Removing stm32l1xx_flash.o(i.FLASH_OB_WRPConfig), (84 bytes).
    Removing stm32l1xx_flash.o(i.FLASH_PrefetchBufferCmd), (28 bytes).
    Removing stm32l1xx_flash.o(i.FLASH_ReadAccess64Cmd), (28 bytes).
    Removing stm32l1xx_flash.o(i.FLASH_SLEEPPowerDownCmd), (28 bytes).
    Removing stm32l1xx_flash.o(i.FLASH_SetLatency), (20 bytes).
    Removing stm32l1xx_flash.o(i.FLASH_Unlock), (40 bytes).
    Removing stm32l1xx_flash.o(i.FLASH_WaitForLastOperation), (58 bytes).
    Removing stm32l1xx_flash_ramfunc.o(.rev16_text), (4 bytes).
    Removing stm32l1xx_flash_ramfunc.o(.revsh_text), (4 bytes).
    Removing stm32l1xx_flash_ramfunc.o(i.DATA_EEPROM_EraseDoubleWord), (96 bytes).
    Removing stm32l1xx_flash_ramfunc.o(i.DATA_EEPROM_ProgramDoubleWord), (100 bytes).
    Removing stm32l1xx_flash_ramfunc.o(i.FLASH_EraseParallelPage), (92 bytes).
    Removing stm32l1xx_flash_ramfunc.o(i.FLASH_ProgramHalfPage), (112 bytes).
    Removing stm32l1xx_flash_ramfunc.o(i.FLASH_ProgramParallelHalfPage), (172 bytes).
    Removing stm32l1xx_flash_ramfunc.o(i.FLASH_RUNPowerDownCmd), (64 bytes).
    Removing stm32l1xx_flash_ramfunc.o(i.GetStatus), (40 bytes).
    Removing stm32l1xx_flash_ramfunc.o(i.WaitForLastOperation), (58 bytes).
    Removing stm32l1xx_fsmc.o(.rev16_text), (4 bytes).
    Removing stm32l1xx_fsmc.o(.revsh_text), (4 bytes).
    Removing stm32l1xx_fsmc.o(i.FSMC_NORSRAMCmd), (28 bytes).
    Removing stm32l1xx_fsmc.o(i.FSMC_NORSRAMDeInit), (36 bytes).
    Removing stm32l1xx_fsmc.o(i.FSMC_NORSRAMInit), (192 bytes).
    Removing stm32l1xx_fsmc.o(i.FSMC_NORSRAMStructInit), (98 bytes).
    Removing stm32l1xx_gpio.o(.rev16_text), (4 bytes).
    Removing stm32l1xx_gpio.o(.revsh_text), (4 bytes).
    Removing stm32l1xx_gpio.o(i.GPIO_DeInit), (204 bytes).
    Removing stm32l1xx_gpio.o(i.GPIO_PinLockConfig), (24 bytes).
    Removing stm32l1xx_gpio.o(i.GPIO_ReadInputData), (4 bytes).
    Removing stm32l1xx_gpio.o(i.GPIO_ReadInputDataBit), (14 bytes).
    Removing stm32l1xx_gpio.o(i.GPIO_ReadOutputData), (4 bytes).
    Removing stm32l1xx_gpio.o(i.GPIO_ReadOutputDataBit), (14 bytes).
    Removing stm32l1xx_gpio.o(i.GPIO_ResetBits), (4 bytes).
    Removing stm32l1xx_gpio.o(i.GPIO_SetBits), (4 bytes).
    Removing stm32l1xx_gpio.o(i.GPIO_StructInit), (18 bytes).
    Removing stm32l1xx_gpio.o(i.GPIO_ToggleBits), (8 bytes).
    Removing stm32l1xx_gpio.o(i.GPIO_Write), (4 bytes).
    Removing stm32l1xx_gpio.o(i.GPIO_WriteBit), (10 bytes).
    Removing stm32l1xx_i2c.o(.rev16_text), (4 bytes).
    Removing stm32l1xx_i2c.o(.revsh_text), (4 bytes).
    Removing stm32l1xx_i2c.o(i.I2C_ARPCmd), (20 bytes).
    Removing stm32l1xx_i2c.o(i.I2C_AcknowledgeConfig), (20 bytes).
    Removing stm32l1xx_i2c.o(i.I2C_CalculatePEC), (20 bytes).
    Removing stm32l1xx_i2c.o(i.I2C_CheckEvent), (24 bytes).
    Removing stm32l1xx_i2c.o(i.I2C_ClearFlag), (6 bytes).
    Removing stm32l1xx_i2c.o(i.I2C_ClearITPendingBit), (6 bytes).
    Removing stm32l1xx_i2c.o(i.I2C_Cmd), (20 bytes).
    Removing stm32l1xx_i2c.o(i.I2C_DMACmd), (20 bytes).
    Removing stm32l1xx_i2c.o(i.I2C_DMALastTransferCmd), (20 bytes).
    Removing stm32l1xx_i2c.o(i.I2C_DeInit), (44 bytes).
    Removing stm32l1xx_i2c.o(i.I2C_DualAddressCmd), (20 bytes).
    Removing stm32l1xx_i2c.o(i.I2C_FastModeDutyCycleConfig), (22 bytes).
    Removing stm32l1xx_i2c.o(i.I2C_GeneralCallCmd), (20 bytes).
    Removing stm32l1xx_i2c.o(i.I2C_GenerateSTART), (20 bytes).
    Removing stm32l1xx_i2c.o(i.I2C_GenerateSTOP), (20 bytes).
    Removing stm32l1xx_i2c.o(i.I2C_GetFlagStatus), (42 bytes).
    Removing stm32l1xx_i2c.o(i.I2C_GetITStatus), (36 bytes).
    Removing stm32l1xx_i2c.o(i.I2C_GetLastEvent), (14 bytes).
    Removing stm32l1xx_i2c.o(i.I2C_GetPEC), (6 bytes).
    Removing stm32l1xx_i2c.o(i.I2C_ITConfig), (16 bytes).
    Removing stm32l1xx_i2c.o(i.I2C_Init), (180 bytes).
    Removing stm32l1xx_i2c.o(i.I2C_NACKPositionConfig), (22 bytes).
    Removing stm32l1xx_i2c.o(i.I2C_OwnAddress2Config), (16 bytes).
    Removing stm32l1xx_i2c.o(i.I2C_PECPositionConfig), (22 bytes).
    Removing stm32l1xx_i2c.o(i.I2C_ReadRegister), (10 bytes).
    Removing stm32l1xx_i2c.o(i.I2C_ReceiveData), (6 bytes).
    Removing stm32l1xx_i2c.o(i.I2C_SMBusAlertConfig), (22 bytes).
    Removing stm32l1xx_i2c.o(i.I2C_Send7bitAddress), (16 bytes).
    Removing stm32l1xx_i2c.o(i.I2C_SendData), (4 bytes).
    Removing stm32l1xx_i2c.o(i.I2C_SoftwareResetCmd), (20 bytes).
    Removing stm32l1xx_i2c.o(i.I2C_StretchClockCmd), (20 bytes).
    Removing stm32l1xx_i2c.o(i.I2C_StructInit), (28 bytes).
    Removing stm32l1xx_i2c.o(i.I2C_TransmitPEC), (20 bytes).
    Removing stm32l1xx_iwdg.o(.rev16_text), (4 bytes).
    Removing stm32l1xx_iwdg.o(.revsh_text), (4 bytes).
    Removing stm32l1xx_iwdg.o(i.IWDG_Enable), (16 bytes).
    Removing stm32l1xx_iwdg.o(i.IWDG_GetFlagStatus), (20 bytes).
    Removing stm32l1xx_iwdg.o(i.IWDG_ReloadCounter), (16 bytes).
    Removing stm32l1xx_iwdg.o(i.IWDG_SetPrescaler), (12 bytes).
    Removing stm32l1xx_iwdg.o(i.IWDG_SetReload), (12 bytes).
    Removing stm32l1xx_iwdg.o(i.IWDG_WriteAccessCmd), (12 bytes).
    Removing stm32l1xx_lcd.o(.rev16_text), (4 bytes).
    Removing stm32l1xx_lcd.o(.revsh_text), (4 bytes).
    Removing stm32l1xx_lcd.o(i.LCD_BlinkConfig), (24 bytes).
    Removing stm32l1xx_lcd.o(i.LCD_ClearFlag), (12 bytes).
    Removing stm32l1xx_lcd.o(i.LCD_ClearITPendingBit), (12 bytes).
    Removing stm32l1xx_lcd.o(i.LCD_Cmd), (12 bytes).
    Removing stm32l1xx_lcd.o(i.LCD_ContrastConfig), (24 bytes).
    Removing stm32l1xx_lcd.o(i.LCD_DeInit), (24 bytes).
    Removing stm32l1xx_lcd.o(i.LCD_DeadTimeConfig), (24 bytes).
    Removing stm32l1xx_lcd.o(i.LCD_GetFlagStatus), (20 bytes).
    Removing stm32l1xx_lcd.o(i.LCD_GetITStatus), (36 bytes).
    Removing stm32l1xx_lcd.o(i.LCD_HighDriveCmd), (12 bytes).
    Removing stm32l1xx_lcd.o(i.LCD_ITConfig), (24 bytes).
    Removing stm32l1xx_lcd.o(i.LCD_Init), (64 bytes).
    Removing stm32l1xx_lcd.o(i.LCD_MuxSegmentCmd), (12 bytes).
    Removing stm32l1xx_lcd.o(i.LCD_PulseOnDurationConfig), (24 bytes).
    Removing stm32l1xx_lcd.o(i.LCD_StructInit), (14 bytes).
    Removing stm32l1xx_lcd.o(i.LCD_UpdateDisplayRequest), (12 bytes).
    Removing stm32l1xx_lcd.o(i.LCD_WaitForSynchro), (16 bytes).
    Removing stm32l1xx_lcd.o(i.LCD_Write), (12 bytes).
    Removing stm32l1xx_opamp.o(.rev16_text), (4 bytes).
    Removing stm32l1xx_opamp.o(.revsh_text), (4 bytes).
    Removing stm32l1xx_opamp.o(i.OPAMP_Cmd), (24 bytes).
    Removing stm32l1xx_opamp.o(i.OPAMP_DeInit), (40 bytes).
    Removing stm32l1xx_opamp.o(i.OPAMP_GetFlagStatus), (40 bytes).
    Removing stm32l1xx_opamp.o(i.OPAMP_LowPowerCmd), (28 bytes).
    Removing stm32l1xx_opamp.o(i.OPAMP_OffsetTrimConfig), (116 bytes).
    Removing stm32l1xx_opamp.o(i.OPAMP_OffsetTrimLowPowerConfig), (116 bytes).
    Removing stm32l1xx_opamp.o(i.OPAMP_OffsetTrimmingModeSelect), (24 bytes).
    Removing stm32l1xx_opamp.o(i.OPAMP_PowerRangeSelect), (24 bytes).
    Removing stm32l1xx_opamp.o(i.OPAMP_SwitchCmd), (24 bytes).
    Removing stm32l1xx_pwr.o(.rev16_text), (4 bytes).
    Removing stm32l1xx_pwr.o(.revsh_text), (4 bytes).
    Removing stm32l1xx_pwr.o(i.PWR_ClearFlag), (16 bytes).
    Removing stm32l1xx_pwr.o(i.PWR_DeInit), (24 bytes).
    Removing stm32l1xx_pwr.o(i.PWR_EnterLowPowerRunMode), (44 bytes).
    Removing stm32l1xx_pwr.o(i.PWR_EnterSTANDBYMode), (40 bytes).
    Removing stm32l1xx_pwr.o(i.PWR_EnterSTOPMode), (52 bytes).
    Removing stm32l1xx_pwr.o(i.PWR_EnterSleepMode), (44 bytes).
    Removing stm32l1xx_pwr.o(i.PWR_FastWakeUpCmd), (12 bytes).
    Removing stm32l1xx_pwr.o(i.PWR_GetFlagStatus), (20 bytes).
    Removing stm32l1xx_pwr.o(i.PWR_PVDCmd), (12 bytes).
    Removing stm32l1xx_pwr.o(i.PWR_PVDLevelConfig), (20 bytes).
    Removing stm32l1xx_pwr.o(i.PWR_RTCAccessCmd), (12 bytes).
    Removing stm32l1xx_pwr.o(i.PWR_UltraLowPowerCmd), (12 bytes).
    Removing stm32l1xx_pwr.o(i.PWR_VoltageScalingConfig), (24 bytes).
    Removing stm32l1xx_pwr.o(i.PWR_WakeUpPinCmd), (16 bytes).
    Removing stm32l1xx_rcc.o(.rev16_text), (4 bytes).
    Removing stm32l1xx_rcc.o(.revsh_text), (4 bytes).
    Removing stm32l1xx_rcc.o(i.RCC_AHBPeriphClockLPModeCmd), (24 bytes).
    Removing stm32l1xx_rcc.o(i.RCC_AHBPeriphResetCmd), (24 bytes).
    Removing stm32l1xx_rcc.o(i.RCC_APB1PeriphClockLPModeCmd), (24 bytes).
    Removing stm32l1xx_rcc.o(i.RCC_APB1PeriphResetCmd), (24 bytes).
    Removing stm32l1xx_rcc.o(i.RCC_APB2PeriphClockCmd), (24 bytes).
    Removing stm32l1xx_rcc.o(i.RCC_APB2PeriphClockLPModeCmd), (24 bytes).
    Removing stm32l1xx_rcc.o(i.RCC_APB2PeriphResetCmd), (24 bytes).
    Removing stm32l1xx_rcc.o(i.RCC_AdjustHSICalibrationValue), (20 bytes).
    Removing stm32l1xx_rcc.o(i.RCC_AdjustMSICalibrationValue), (12 bytes).
    Removing stm32l1xx_rcc.o(i.RCC_ClearFlag), (16 bytes).
    Removing stm32l1xx_rcc.o(i.RCC_ClearITPendingBit), (12 bytes).
    Removing stm32l1xx_rcc.o(i.RCC_ClockSecuritySystemCmd), (12 bytes).
    Removing stm32l1xx_rcc.o(i.RCC_DeInit), (68 bytes).
    Removing stm32l1xx_rcc.o(i.RCC_GetClocksFreq), (168 bytes).
    Removing stm32l1xx_rcc.o(i.RCC_GetFlagStatus), (40 bytes).
    Removing stm32l1xx_rcc.o(i.RCC_GetITStatus), (20 bytes).
    Removing stm32l1xx_rcc.o(i.RCC_GetSYSCLKSource), (16 bytes).
    Removing stm32l1xx_rcc.o(i.RCC_HCLKConfig), (20 bytes).
    Removing stm32l1xx_rcc.o(i.RCC_HSEConfig), (16 bytes).
    Removing stm32l1xx_rcc.o(i.RCC_HSICmd), (12 bytes).
    Removing stm32l1xx_rcc.o(i.RCC_ITConfig), (24 bytes).
    Removing stm32l1xx_rcc.o(i.RCC_LSEClockSecuritySystemCmd), (12 bytes).
    Removing stm32l1xx_rcc.o(i.RCC_LSEConfig), (16 bytes).
    Removing stm32l1xx_rcc.o(i.RCC_LSICmd), (12 bytes).
    Removing stm32l1xx_rcc.o(i.RCC_MCOConfig), (12 bytes).
    Removing stm32l1xx_rcc.o(i.RCC_MSICmd), (12 bytes).
    Removing stm32l1xx_rcc.o(i.RCC_MSIRangeConfig), (20 bytes).
    Removing stm32l1xx_rcc.o(i.RCC_PCLK1Config), (20 bytes).
    Removing stm32l1xx_rcc.o(i.RCC_PCLK2Config), (20 bytes).
    Removing stm32l1xx_rcc.o(i.RCC_PLLCmd), (12 bytes).
    Removing stm32l1xx_rcc.o(i.RCC_PLLConfig), (16 bytes).
    Removing stm32l1xx_rcc.o(i.RCC_RTCCLKCmd), (12 bytes).
    Removing stm32l1xx_rcc.o(i.RCC_RTCCLKConfig), (52 bytes).
    Removing stm32l1xx_rcc.o(i.RCC_RTCResetCmd), (12 bytes).
    Removing stm32l1xx_rcc.o(i.RCC_SYSCLKConfig), (20 bytes).
    Removing stm32l1xx_rcc.o(i.RCC_WaitForHSEStartUp), (44 bytes).
    Removing stm32l1xx_rcc.o(.data), (25 bytes).
    Removing stm32l1xx_rtc.o(.rev16_text), (4 bytes).
    Removing stm32l1xx_rtc.o(.revsh_text), (4 bytes).
    Removing stm32l1xx_rtc.o(i.RTC_AlarmCmd), (84 bytes).
    Removing stm32l1xx_rtc.o(i.RTC_AlarmStructInit), (20 bytes).
    Removing stm32l1xx_rtc.o(i.RTC_AlarmSubSecondConfig), (44 bytes).
    Removing stm32l1xx_rtc.o(i.RTC_Bcd2ToByte), (18 bytes).
    Removing stm32l1xx_rtc.o(i.RTC_BypassShadowCmd), (44 bytes).
    Removing stm32l1xx_rtc.o(i.RTC_ByteToBcd2), (24 bytes).
    Removing stm32l1xx_rtc.o(i.RTC_CalibOutputCmd), (44 bytes).
    Removing stm32l1xx_rtc.o(i.RTC_CalibOutputConfig), (40 bytes).
    Removing stm32l1xx_rtc.o(i.RTC_ClearFlag), (28 bytes).
    Removing stm32l1xx_rtc.o(i.RTC_ClearITPendingBit), (28 bytes).
    Removing stm32l1xx_rtc.o(i.RTC_CoarseCalibCmd), (60 bytes).
    Removing stm32l1xx_rtc.o(i.RTC_CoarseCalibConfig), (52 bytes).
    Removing stm32l1xx_rtc.o(i.RTC_DateStructInit), (14 bytes).
    Removing stm32l1xx_rtc.o(i.RTC_DayLightSavingConfig), (44 bytes).
    Removing stm32l1xx_rtc.o(i.RTC_DeInit), (176 bytes).
    Removing stm32l1xx_rtc.o(i.RTC_EnterInitMode), (60 bytes).
    Removing stm32l1xx_rtc.o(i.RTC_ExitInitMode), (16 bytes).
    Removing stm32l1xx_rtc.o(i.RTC_GetAlarm), (108 bytes).
    Removing stm32l1xx_rtc.o(i.RTC_GetAlarmSubSecond), (28 bytes).
    Removing stm32l1xx_rtc.o(i.RTC_GetDate), (72 bytes).
    Removing stm32l1xx_rtc.o(i.RTC_GetFlagStatus), (28 bytes).
    Removing stm32l1xx_rtc.o(i.RTC_GetITStatus), (64 bytes).
    Removing stm32l1xx_rtc.o(i.RTC_GetStoreOperation), (16 bytes).
    Removing stm32l1xx_rtc.o(i.RTC_GetSubSecond), (16 bytes).
    Removing stm32l1xx_rtc.o(i.RTC_GetTime), (76 bytes).
    Removing stm32l1xx_rtc.o(i.RTC_GetTimeStamp), (136 bytes).
    Removing stm32l1xx_rtc.o(i.RTC_GetTimeStampSubSecond), (12 bytes).
    Removing stm32l1xx_rtc.o(i.RTC_GetWakeUpCounter), (12 bytes).
    Removing stm32l1xx_rtc.o(i.RTC_ITConfig), (64 bytes).
    Removing stm32l1xx_rtc.o(i.RTC_Init), (80 bytes).
    Removing stm32l1xx_rtc.o(i.RTC_OutputConfig), (44 bytes).
    Removing stm32l1xx_rtc.o(i.RTC_OutputTypeConfig), (24 bytes).
    Removing stm32l1xx_rtc.o(i.RTC_ReadBackupRegister), (20 bytes).
    Removing stm32l1xx_rtc.o(i.RTC_RefClockCmd), (60 bytes).
    Removing stm32l1xx_rtc.o(i.RTC_SetAlarm), (164 bytes).
    Removing stm32l1xx_rtc.o(i.RTC_SetDate), (156 bytes).
    Removing stm32l1xx_rtc.o(i.RTC_SetTime), (160 bytes).
    Removing stm32l1xx_rtc.o(i.RTC_SetWakeUpCounter), (28 bytes).
    Removing stm32l1xx_rtc.o(i.RTC_SmoothCalibConfig), (76 bytes).
    Removing stm32l1xx_rtc.o(i.RTC_StructInit), (14 bytes).
    Removing stm32l1xx_rtc.o(i.RTC_SynchroShiftConfig), (88 bytes).
    Removing stm32l1xx_rtc.o(i.RTC_TamperCmd), (24 bytes).
    Removing stm32l1xx_rtc.o(i.RTC_TamperFilterConfig), (24 bytes).
    Removing stm32l1xx_rtc.o(i.RTC_TamperPinsPrechargeDuration), (24 bytes).
    Removing stm32l1xx_rtc.o(i.RTC_TamperPullUpCmd), (28 bytes).
    Removing stm32l1xx_rtc.o(i.RTC_TamperSamplingFreqConfig), (24 bytes).
    Removing stm32l1xx_rtc.o(i.RTC_TamperTriggerConfig), (28 bytes).
    Removing stm32l1xx_rtc.o(i.RTC_TimeStampCmd), (48 bytes).
    Removing stm32l1xx_rtc.o(i.RTC_TimeStampOnTamperDetectionCmd), (28 bytes).
    Removing stm32l1xx_rtc.o(i.RTC_TimeStructInit), (12 bytes).
    Removing stm32l1xx_rtc.o(i.RTC_WaitForSynchro), (72 bytes).
    Removing stm32l1xx_rtc.o(i.RTC_WakeUpClockConfig), (40 bytes).
    Removing stm32l1xx_rtc.o(i.RTC_WakeUpCmd), (88 bytes).
    Removing stm32l1xx_rtc.o(i.RTC_WriteBackupRegister), (20 bytes).
    Removing stm32l1xx_rtc.o(i.RTC_WriteProtectionCmd), (24 bytes).
    Removing stm32l1xx_sdio.o(.rev16_text), (4 bytes).
    Removing stm32l1xx_sdio.o(.revsh_text), (4 bytes).
    Removing stm32l1xx_sdio.o(i.SDIO_CEATAITCmd), (16 bytes).
    Removing stm32l1xx_sdio.o(i.SDIO_ClearFlag), (12 bytes).
    Removing stm32l1xx_sdio.o(i.SDIO_ClearITPendingBit), (12 bytes).
    Removing stm32l1xx_sdio.o(i.SDIO_ClockCmd), (12 bytes).
    Removing stm32l1xx_sdio.o(i.SDIO_CmdStructInit), (14 bytes).
    Removing stm32l1xx_sdio.o(i.SDIO_CommandCompletionCmd), (12 bytes).
    Removing stm32l1xx_sdio.o(i.SDIO_DMACmd), (12 bytes).
    Removing stm32l1xx_sdio.o(i.SDIO_DataConfig), (48 bytes).
    Removing stm32l1xx_sdio.o(i.SDIO_DataStructInit), (20 bytes).
    Removing stm32l1xx_sdio.o(i.SDIO_DeInit), (24 bytes).
    Removing stm32l1xx_sdio.o(i.SDIO_GetCommandResponse), (12 bytes).
    Removing stm32l1xx_sdio.o(i.SDIO_GetDataCounter), (12 bytes).
    Removing stm32l1xx_sdio.o(i.SDIO_GetFIFOCount), (12 bytes).
    Removing stm32l1xx_sdio.o(i.SDIO_GetFlagStatus), (20 bytes).
    Removing stm32l1xx_sdio.o(i.SDIO_GetITStatus), (20 bytes).
    Removing stm32l1xx_sdio.o(i.SDIO_GetPowerState), (16 bytes).
    Removing stm32l1xx_sdio.o(i.SDIO_GetResponse), (16 bytes).
    Removing stm32l1xx_sdio.o(i.SDIO_ITConfig), (24 bytes).
    Removing stm32l1xx_sdio.o(i.SDIO_Init), (44 bytes).
    Removing stm32l1xx_sdio.o(i.SDIO_ReadData), (12 bytes).
    Removing stm32l1xx_sdio.o(i.SDIO_SendCEATACmd), (12 bytes).
    Removing stm32l1xx_sdio.o(i.SDIO_SendCommand), (40 bytes).
    Removing stm32l1xx_sdio.o(i.SDIO_SendSDIOSuspendCmd), (12 bytes).
    Removing stm32l1xx_sdio.o(i.SDIO_SetPowerState), (12 bytes).
    Removing stm32l1xx_sdio.o(i.SDIO_SetSDIOOperation), (12 bytes).
    Removing stm32l1xx_sdio.o(i.SDIO_SetSDIOReadWaitMode), (12 bytes).
    Removing stm32l1xx_sdio.o(i.SDIO_StartSDIOReadWait), (12 bytes).
    Removing stm32l1xx_sdio.o(i.SDIO_StopSDIOReadWait), (12 bytes).
    Removing stm32l1xx_sdio.o(i.SDIO_StructInit), (16 bytes).
    Removing stm32l1xx_sdio.o(i.SDIO_WriteData), (12 bytes).
    Removing stm32l1xx_spi.o(.rev16_text), (4 bytes).
    Removing stm32l1xx_spi.o(.revsh_text), (4 bytes).
    Removing stm32l1xx_spi.o(i.I2S_Cmd), (20 bytes).
    Removing stm32l1xx_spi.o(i.I2S_Init), (152 bytes).
    Removing stm32l1xx_spi.o(i.I2S_StructInit), (18 bytes).
    Removing stm32l1xx_spi.o(i.SPI_BiDirectionalLineConfig), (22 bytes).
    Removing stm32l1xx_spi.o(i.SPI_CalculateCRC), (20 bytes).
    Removing stm32l1xx_spi.o(i.SPI_Cmd), (20 bytes).
    Removing stm32l1xx_spi.o(i.SPI_DataSizeConfig), (16 bytes).
    Removing stm32l1xx_spi.o(i.SPI_GetCRC), (12 bytes).
    Removing stm32l1xx_spi.o(i.SPI_GetCRCPolynomial), (4 bytes).
    Removing stm32l1xx_spi.o(i.SPI_I2S_ClearFlag), (6 bytes).
    Removing stm32l1xx_spi.o(i.SPI_I2S_ClearITPendingBit), (14 bytes).
    Removing stm32l1xx_spi.o(i.SPI_I2S_DMACmd), (16 bytes).
    Removing stm32l1xx_spi.o(i.SPI_I2S_DeInit), (84 bytes).
    Removing stm32l1xx_spi.o(i.SPI_I2S_GetFlagStatus), (14 bytes).
    Removing stm32l1xx_spi.o(i.SPI_I2S_GetITStatus), (42 bytes).
    Removing stm32l1xx_spi.o(i.SPI_I2S_ITConfig), (24 bytes).
    Removing stm32l1xx_spi.o(i.SPI_I2S_ReceiveData), (4 bytes).
    Removing stm32l1xx_spi.o(i.SPI_I2S_SendData), (4 bytes).
    Removing stm32l1xx_spi.o(i.SPI_Init), (56 bytes).
    Removing stm32l1xx_spi.o(i.SPI_NSSInternalSoftwareConfig), (24 bytes).
    Removing stm32l1xx_spi.o(i.SPI_SSOutputCmd), (20 bytes).
    Removing stm32l1xx_spi.o(i.SPI_StructInit), (24 bytes).
    Removing stm32l1xx_spi.o(i.SPI_TransmitCRC), (10 bytes).
    Removing stm32l1xx_syscfg.o(.rev16_text), (4 bytes).
    Removing stm32l1xx_syscfg.o(.revsh_text), (4 bytes).
    Removing stm32l1xx_syscfg.o(i.SYSCFG_DeInit), (22 bytes).
    Removing stm32l1xx_syscfg.o(i.SYSCFG_EXTILineConfig), (40 bytes).
    Removing stm32l1xx_syscfg.o(i.SYSCFG_GetBootMode), (16 bytes).
    Removing stm32l1xx_syscfg.o(i.SYSCFG_MemoryRemapConfig), (12 bytes).
    Removing stm32l1xx_syscfg.o(i.SYSCFG_RIChannelSpeedConfig), (24 bytes).
    Removing stm32l1xx_syscfg.o(i.SYSCFG_RIDeInit), (36 bytes).
    Removing stm32l1xx_syscfg.o(i.SYSCFG_RIHysteresisConfig), (88 bytes).
    Removing stm32l1xx_syscfg.o(i.SYSCFG_RIIOSwitchConfig), (52 bytes).
    Removing stm32l1xx_syscfg.o(i.SYSCFG_RIResistorConfig), (24 bytes).
    Removing stm32l1xx_syscfg.o(i.SYSCFG_RISwitchControlModeCmd), (28 bytes).
    Removing stm32l1xx_syscfg.o(i.SYSCFG_RITIMInputCaptureConfig), (64 bytes).
    Removing stm32l1xx_syscfg.o(i.SYSCFG_RITIMSelect), (20 bytes).
    Removing stm32l1xx_syscfg.o(i.SYSCFG_USBPuCmd), (28 bytes).
    Removing stm32l1xx_tim.o(.rev16_text), (4 bytes).
    Removing stm32l1xx_tim.o(.revsh_text), (4 bytes).
    Removing stm32l1xx_tim.o(i.TI1_Config), (46 bytes).
    Removing stm32l1xx_tim.o(i.TI2_Config), (54 bytes).
    Removing stm32l1xx_tim.o(i.TIM_ClearFlag), (6 bytes).
    Removing stm32l1xx_tim.o(i.TIM_ClearOC1Ref), (12 bytes).
    Removing stm32l1xx_tim.o(i.TIM_ClearOC2Ref), (20 bytes).
    Removing stm32l1xx_tim.o(i.TIM_ClearOC3Ref), (12 bytes).
    Removing stm32l1xx_tim.o(i.TIM_ClearOC4Ref), (20 bytes).
    Removing stm32l1xx_tim.o(i.TIM_CounterModeConfig), (12 bytes).
    Removing stm32l1xx_tim.o(i.TIM_DMACmd), (16 bytes).
    Removing stm32l1xx_tim.o(i.TIM_DMAConfig), (8 bytes).
    Removing stm32l1xx_tim.o(i.TIM_DeInit), (228 bytes).
    Removing stm32l1xx_tim.o(i.TIM_ETRClockMode1Config), (18 bytes).
    Removing stm32l1xx_tim.o(i.TIM_ETRClockMode2Config), (18 bytes).
    Removing stm32l1xx_tim.o(i.TIM_ETRConfig), (24 bytes).
    Removing stm32l1xx_tim.o(i.TIM_EncoderInterfaceConfig), (50 bytes).
    Removing stm32l1xx_tim.o(i.TIM_ForcedOC1Config), (12 bytes).
    Removing stm32l1xx_tim.o(i.TIM_ForcedOC2Config), (20 bytes).
    Removing stm32l1xx_tim.o(i.TIM_ForcedOC3Config), (12 bytes).
    Removing stm32l1xx_tim.o(i.TIM_ForcedOC4Config), (20 bytes).
    Removing stm32l1xx_tim.o(i.TIM_GenerateEvent), (4 bytes).
    Removing stm32l1xx_tim.o(i.TIM_GetCapture1), (4 bytes).
    Removing stm32l1xx_tim.o(i.TIM_GetCapture2), (4 bytes).
    Removing stm32l1xx_tim.o(i.TIM_GetCapture3), (4 bytes).
    Removing stm32l1xx_tim.o(i.TIM_GetCapture4), (4 bytes).
    Removing stm32l1xx_tim.o(i.TIM_GetCounter), (4 bytes).
    Removing stm32l1xx_tim.o(i.TIM_GetFlagStatus), (14 bytes).
    Removing stm32l1xx_tim.o(i.TIM_GetPrescaler), (4 bytes).
    Removing stm32l1xx_tim.o(i.TIM_ICInit), (172 bytes).
    Removing stm32l1xx_tim.o(i.TIM_ICStructInit), (16 bytes).
    Removing stm32l1xx_tim.o(i.TIM_ITRxExternalClockConfig), (18 bytes).
    Removing stm32l1xx_tim.o(i.TIM_InternalClockConfig), (10 bytes).
    Removing stm32l1xx_tim.o(i.TIM_OC1FastConfig), (12 bytes).
    Removing stm32l1xx_tim.o(i.TIM_OC1PolarityConfig), (12 bytes).
    Removing stm32l1xx_tim.o(i.TIM_OC2FastConfig), (20 bytes).
    Removing stm32l1xx_tim.o(i.TIM_OC2PolarityConfig), (20 bytes).
    Removing stm32l1xx_tim.o(i.TIM_OC3FastConfig), (12 bytes).
    Removing stm32l1xx_tim.o(i.TIM_OC3Init), (56 bytes).
    Removing stm32l1xx_tim.o(i.TIM_OC3PolarityConfig), (20 bytes).
    Removing stm32l1xx_tim.o(i.TIM_OC3PreloadConfig), (12 bytes).
    Removing stm32l1xx_tim.o(i.TIM_OC4FastConfig), (20 bytes).
    Removing stm32l1xx_tim.o(i.TIM_OC4Init), (60 bytes).
    Removing stm32l1xx_tim.o(i.TIM_OC4PolarityConfig), (20 bytes).
    Removing stm32l1xx_tim.o(i.TIM_OC4PreloadConfig), (20 bytes).
    Removing stm32l1xx_tim.o(i.TIM_OCStructInit), (12 bytes).
    Removing stm32l1xx_tim.o(i.TIM_PWMIConfig), (108 bytes).
    Removing stm32l1xx_tim.o(i.TIM_PrescalerConfig), (6 bytes).
    Removing stm32l1xx_tim.o(i.TIM_RemapConfig), (18 bytes).
    Removing stm32l1xx_tim.o(i.TIM_SelectCCDMA), (20 bytes).
    Removing stm32l1xx_tim.o(i.TIM_SelectHallSensor), (20 bytes).
    Removing stm32l1xx_tim.o(i.TIM_SelectInputTrigger), (12 bytes).
    Removing stm32l1xx_tim.o(i.TIM_SelectMasterSlaveMode), (16 bytes).
    Removing stm32l1xx_tim.o(i.TIM_SelectOCREFClear), (16 bytes).
    Removing stm32l1xx_tim.o(i.TIM_SelectOCxM), (70 bytes).
    Removing stm32l1xx_tim.o(i.TIM_SelectOnePulseMode), (16 bytes).
    Removing stm32l1xx_tim.o(i.TIM_SelectOutputTrigger), (16 bytes).
    Removing stm32l1xx_tim.o(i.TIM_SelectSlaveMode), (16 bytes).
    Removing stm32l1xx_tim.o(i.TIM_SetAutoreload), (4 bytes).
    Removing stm32l1xx_tim.o(i.TIM_SetClockDivision), (16 bytes).
    Removing stm32l1xx_tim.o(i.TIM_SetCompare1), (4 bytes).
    Removing stm32l1xx_tim.o(i.TIM_SetCompare2), (4 bytes).
    Removing stm32l1xx_tim.o(i.TIM_SetCompare3), (4 bytes).
    Removing stm32l1xx_tim.o(i.TIM_SetCompare4), (4 bytes).
    Removing stm32l1xx_tim.o(i.TIM_SetCounter), (4 bytes).
    Removing stm32l1xx_tim.o(i.TIM_SetIC1Prescaler), (16 bytes).
    Removing stm32l1xx_tim.o(i.TIM_SetIC2Prescaler), (24 bytes).
    Removing stm32l1xx_tim.o(i.TIM_SetIC3Prescaler), (16 bytes).
    Removing stm32l1xx_tim.o(i.TIM_SetIC4Prescaler), (24 bytes).
    Removing stm32l1xx_tim.o(i.TIM_TIxExternalClockConfig), (46 bytes).
    Removing stm32l1xx_tim.o(i.TIM_TimeBaseStructInit), (16 bytes).
    Removing stm32l1xx_tim.o(i.TIM_UpdateDisableConfig), (20 bytes).
    Removing stm32l1xx_tim.o(i.TIM_UpdateRequestConfig), (20 bytes).
    Removing stm32l1xx_usart.o(.rev16_text), (4 bytes).
    Removing stm32l1xx_usart.o(.revsh_text), (4 bytes).
    Removing stm32l1xx_usart.o(i.USART_ClearFlag), (6 bytes).
    Removing stm32l1xx_usart.o(i.USART_ClearITPendingBit), (12 bytes).
    Removing stm32l1xx_usart.o(i.USART_ClockInit), (28 bytes).
    Removing stm32l1xx_usart.o(i.USART_ClockStructInit), (12 bytes).
    Removing stm32l1xx_usart.o(i.USART_Cmd), (20 bytes).
    Removing stm32l1xx_usart.o(i.USART_DMACmd), (16 bytes).
    Removing stm32l1xx_usart.o(i.USART_DeInit), (116 bytes).
    Removing stm32l1xx_usart.o(i.USART_GetFlagStatus), (14 bytes).
    Removing stm32l1xx_usart.o(i.USART_GetITStatus), (62 bytes).
    Removing stm32l1xx_usart.o(i.USART_HalfDuplexCmd), (20 bytes).
    Removing stm32l1xx_usart.o(i.USART_ITConfig), (48 bytes).
    Removing stm32l1xx_usart.o(i.USART_Init), (172 bytes).
    Removing stm32l1xx_usart.o(i.USART_IrDACmd), (20 bytes).
    Removing stm32l1xx_usart.o(i.USART_IrDAConfig), (16 bytes).
    Removing stm32l1xx_usart.o(i.USART_LINBreakDetectLengthConfig), (16 bytes).
    Removing stm32l1xx_usart.o(i.USART_LINCmd), (20 bytes).
    Removing stm32l1xx_usart.o(i.USART_OneBitMethodCmd), (20 bytes).
    Removing stm32l1xx_usart.o(i.USART_OverSampling8Cmd), (20 bytes).
    Removing stm32l1xx_usart.o(i.USART_ReceiveData), (8 bytes).
    Removing stm32l1xx_usart.o(i.USART_ReceiverWakeUpCmd), (20 bytes).
    Removing stm32l1xx_usart.o(i.USART_SendBreak), (10 bytes).
    Removing stm32l1xx_usart.o(i.USART_SendData), (8 bytes).
    Removing stm32l1xx_usart.o(i.USART_SetAddress), (16 bytes).
    Removing stm32l1xx_usart.o(i.USART_SetGuardTime), (16 bytes).
    Removing stm32l1xx_usart.o(i.USART_SetPrescaler), (16 bytes).
    Removing stm32l1xx_usart.o(i.USART_SmartCardCmd), (20 bytes).
    Removing stm32l1xx_usart.o(i.USART_SmartCardNACKCmd), (20 bytes).
    Removing stm32l1xx_usart.o(i.USART_StructInit), (22 bytes).
    Removing stm32l1xx_usart.o(i.USART_WakeUpConfig), (16 bytes).
    Removing stm32l1xx_wwdg.o(.rev16_text), (4 bytes).
    Removing stm32l1xx_wwdg.o(.revsh_text), (4 bytes).
    Removing stm32l1xx_wwdg.o(i.WWDG_ClearFlag), (12 bytes).
    Removing stm32l1xx_wwdg.o(i.WWDG_DeInit), (24 bytes).
    Removing stm32l1xx_wwdg.o(i.WWDG_Enable), (16 bytes).
    Removing stm32l1xx_wwdg.o(i.WWDG_EnableIT), (12 bytes).
    Removing stm32l1xx_wwdg.o(i.WWDG_GetFlagStatus), (20 bytes).
    Removing stm32l1xx_wwdg.o(i.WWDG_SetCounter), (16 bytes).
    Removing stm32l1xx_wwdg.o(i.WWDG_SetPrescaler), (20 bytes).
    Removing stm32l1xx_wwdg.o(i.WWDG_SetWindowValue), (28 bytes).
    Removing system_stm32l1xx.o(.rev16_text), (4 bytes).
    Removing system_stm32l1xx.o(.revsh_text), (4 bytes).
    Removing system_stm32l1xx.o(i.SystemCoreClockUpdate), (140 bytes).
    Removing startup_stm32l1xx_md.o(HEAP), (512 bytes).

594 unused section(s) (total 18347 bytes) removed from the image.

==============================================================================

Image Symbol Table

    Local Symbols

    Symbol Name                              Value     Ov Type        Size  Object(Section)

    ../clib/microlib/init/entry.s            0x00000000   Number         0  entry5.o ABSOLUTE
    ../clib/microlib/init/entry.s            0x00000000   Number         0  entry9b.o ABSOLUTE
    ../clib/microlib/init/entry.s            0x00000000   Number         0  entry8b.o ABSOLUTE
    ../clib/microlib/init/entry.s            0x00000000   Number         0  entry8a.o ABSOLUTE
    ../clib/microlib/init/entry.s            0x00000000   Number         0  entry.o ABSOLUTE
    ../clib/microlib/init/entry.s            0x00000000   Number         0  entry7b.o ABSOLUTE
    ../clib/microlib/init/entry.s            0x00000000   Number         0  entry7a.o ABSOLUTE
    ../clib/microlib/init/entry.s            0x00000000   Number         0  entry9a.o ABSOLUTE
    ../clib/microlib/init/entry.s            0x00000000   Number         0  entry10a.o ABSOLUTE
    ../clib/microlib/init/entry.s            0x00000000   Number         0  entry10b.o ABSOLUTE
    ../clib/microlib/init/entry.s            0x00000000   Number         0  entry2.o ABSOLUTE
    ../clib/microlib/init/entry.s            0x00000000   Number         0  entry11a.o ABSOLUTE
    ../clib/microlib/init/entry.s            0x00000000   Number         0  entry11b.o ABSOLUTE
    ../clib/microlib/stubs.s                 0x00000000   Number         0  iusefp.o ABSOLUTE
    ../fplib/microlib/fpadd.c                0x00000000   Number         0  fadd.o ABSOLUTE
    ../fplib/microlib/fpepilogue.c           0x00000000   Number         0  fepilogue.o ABSOLUTE
    ../fplib/microlib/fpfix.c                0x00000000   Number         0  ffixui.o ABSOLUTE
    ../fplib/microlib/fpmul.c                0x00000000   Number         0  fmul.o ABSOLUTE
    ..\Libraries\CMSIS\Device\ST\STM32L1xx\Source\Templates\arm\startup_stm32l1xx_md.s 0x00000000   Number         0  startup_stm32l1xx_md.o ABSOLUTE
    ..\Libraries\STM32L1xx_StdPeriph_Driver\src\misc.c 0x00000000   Number         0  misc.o ABSOLUTE
    ..\Libraries\STM32L1xx_StdPeriph_Driver\src\stm32l1xx_adc.c 0x00000000   Number         0  stm32l1xx_adc.o ABSOLUTE
    ..\Libraries\STM32L1xx_StdPeriph_Driver\src\stm32l1xx_aes.c 0x00000000   Number         0  stm32l1xx_aes.o ABSOLUTE
    ..\Libraries\STM32L1xx_StdPeriph_Driver\src\stm32l1xx_aes_util.c 0x00000000   Number         0  stm32l1xx_aes_util.o ABSOLUTE
    ..\Libraries\STM32L1xx_StdPeriph_Driver\src\stm32l1xx_comp.c 0x00000000   Number         0  stm32l1xx_comp.o ABSOLUTE
    ..\Libraries\STM32L1xx_StdPeriph_Driver\src\stm32l1xx_crc.c 0x00000000   Number         0  stm32l1xx_crc.o ABSOLUTE
    ..\Libraries\STM32L1xx_StdPeriph_Driver\src\stm32l1xx_dac.c 0x00000000   Number         0  stm32l1xx_dac.o ABSOLUTE
    ..\Libraries\STM32L1xx_StdPeriph_Driver\src\stm32l1xx_dbgmcu.c 0x00000000   Number         0  stm32l1xx_dbgmcu.o ABSOLUTE
    ..\Libraries\STM32L1xx_StdPeriph_Driver\src\stm32l1xx_dma.c 0x00000000   Number         0  stm32l1xx_dma.o ABSOLUTE
    ..\Libraries\STM32L1xx_StdPeriph_Driver\src\stm32l1xx_exti.c 0x00000000   Number         0  stm32l1xx_exti.o ABSOLUTE
    ..\Libraries\STM32L1xx_StdPeriph_Driver\src\stm32l1xx_flash.c 0x00000000   Number         0  stm32l1xx_flash.o ABSOLUTE
    ..\Libraries\STM32L1xx_StdPeriph_Driver\src\stm32l1xx_flash_ramfunc.c 0x00000000   Number         0  stm32l1xx_flash_ramfunc.o ABSOLUTE
    ..\Libraries\STM32L1xx_StdPeriph_Driver\src\stm32l1xx_fsmc.c 0x00000000   Number         0  stm32l1xx_fsmc.o ABSOLUTE
    ..\Libraries\STM32L1xx_StdPeriph_Driver\src\stm32l1xx_gpio.c 0x00000000   Number         0  stm32l1xx_gpio.o ABSOLUTE
    ..\Libraries\STM32L1xx_StdPeriph_Driver\src\stm32l1xx_i2c.c 0x00000000   Number         0  stm32l1xx_i2c.o ABSOLUTE
    ..\Libraries\STM32L1xx_StdPeriph_Driver\src\stm32l1xx_iwdg.c 0x00000000   Number         0  stm32l1xx_iwdg.o ABSOLUTE
    ..\Libraries\STM32L1xx_StdPeriph_Driver\src\stm32l1xx_lcd.c 0x00000000   Number         0  stm32l1xx_lcd.o ABSOLUTE
    ..\Libraries\STM32L1xx_StdPeriph_Driver\src\stm32l1xx_opamp.c 0x00000000   Number         0  stm32l1xx_opamp.o ABSOLUTE
    ..\Libraries\STM32L1xx_StdPeriph_Driver\src\stm32l1xx_pwr.c 0x00000000   Number         0  stm32l1xx_pwr.o ABSOLUTE
    ..\Libraries\STM32L1xx_StdPeriph_Driver\src\stm32l1xx_rcc.c 0x00000000   Number         0  stm32l1xx_rcc.o ABSOLUTE
    ..\Libraries\STM32L1xx_StdPeriph_Driver\src\stm32l1xx_rtc.c 0x00000000   Number         0  stm32l1xx_rtc.o ABSOLUTE
    ..\Libraries\STM32L1xx_StdPeriph_Driver\src\stm32l1xx_sdio.c 0x00000000   Number         0  stm32l1xx_sdio.o ABSOLUTE
    ..\Libraries\STM32L1xx_StdPeriph_Driver\src\stm32l1xx_spi.c 0x00000000   Number         0  stm32l1xx_spi.o ABSOLUTE
    ..\Libraries\STM32L1xx_StdPeriph_Driver\src\stm32l1xx_syscfg.c 0x00000000   Number         0  stm32l1xx_syscfg.o ABSOLUTE
    ..\Libraries\STM32L1xx_StdPeriph_Driver\src\stm32l1xx_tim.c 0x00000000   Number         0  stm32l1xx_tim.o ABSOLUTE
    ..\Libraries\STM32L1xx_StdPeriph_Driver\src\stm32l1xx_usart.c 0x00000000   Number         0  stm32l1xx_usart.o ABSOLUTE
    ..\Libraries\STM32L1xx_StdPeriph_Driver\src\stm32l1xx_wwdg.c 0x00000000   Number         0  stm32l1xx_wwdg.o ABSOLUTE
    ..\SuperDebounce.c                       0x00000000   Number         0  superdebounce.o ABSOLUTE
    ..\\Libraries\\STM32L1xx_StdPeriph_Driver\\src\\misc.c 0x00000000   Number         0  misc.o ABSOLUTE
    ..\\Libraries\\STM32L1xx_StdPeriph_Driver\\src\\stm32l1xx_adc.c 0x00000000   Number         0  stm32l1xx_adc.o ABSOLUTE
    ..\\Libraries\\STM32L1xx_StdPeriph_Driver\\src\\stm32l1xx_aes.c 0x00000000   Number         0  stm32l1xx_aes.o ABSOLUTE
    ..\\Libraries\\STM32L1xx_StdPeriph_Driver\\src\\stm32l1xx_aes_util.c 0x00000000   Number         0  stm32l1xx_aes_util.o ABSOLUTE
    ..\\Libraries\\STM32L1xx_StdPeriph_Driver\\src\\stm32l1xx_comp.c 0x00000000   Number         0  stm32l1xx_comp.o ABSOLUTE
    ..\\Libraries\\STM32L1xx_StdPeriph_Driver\\src\\stm32l1xx_crc.c 0x00000000   Number         0  stm32l1xx_crc.o ABSOLUTE
    ..\\Libraries\\STM32L1xx_StdPeriph_Driver\\src\\stm32l1xx_dac.c 0x00000000   Number         0  stm32l1xx_dac.o ABSOLUTE
    ..\\Libraries\\STM32L1xx_StdPeriph_Driver\\src\\stm32l1xx_dbgmcu.c 0x00000000   Number         0  stm32l1xx_dbgmcu.o ABSOLUTE
    ..\\Libraries\\STM32L1xx_StdPeriph_Driver\\src\\stm32l1xx_dma.c 0x00000000   Number         0  stm32l1xx_dma.o ABSOLUTE
    ..\\Libraries\\STM32L1xx_StdPeriph_Driver\\src\\stm32l1xx_exti.c 0x00000000   Number         0  stm32l1xx_exti.o ABSOLUTE
    ..\\Libraries\\STM32L1xx_StdPeriph_Driver\\src\\stm32l1xx_flash.c 0x00000000   Number         0  stm32l1xx_flash.o ABSOLUTE
    ..\\Libraries\\STM32L1xx_StdPeriph_Driver\\src\\stm32l1xx_flash_ramfunc.c 0x00000000   Number         0  stm32l1xx_flash_ramfunc.o ABSOLUTE
    ..\\Libraries\\STM32L1xx_StdPeriph_Driver\\src\\stm32l1xx_fsmc.c 0x00000000   Number         0  stm32l1xx_fsmc.o ABSOLUTE
    ..\\Libraries\\STM32L1xx_StdPeriph_Driver\\src\\stm32l1xx_gpio.c 0x00000000   Number         0  stm32l1xx_gpio.o ABSOLUTE
    ..\\Libraries\\STM32L1xx_StdPeriph_Driver\\src\\stm32l1xx_i2c.c 0x00000000   Number         0  stm32l1xx_i2c.o ABSOLUTE
    ..\\Libraries\\STM32L1xx_StdPeriph_Driver\\src\\stm32l1xx_iwdg.c 0x00000000   Number         0  stm32l1xx_iwdg.o ABSOLUTE
    ..\\Libraries\\STM32L1xx_StdPeriph_Driver\\src\\stm32l1xx_lcd.c 0x00000000   Number         0  stm32l1xx_lcd.o ABSOLUTE
    ..\\Libraries\\STM32L1xx_StdPeriph_Driver\\src\\stm32l1xx_opamp.c 0x00000000   Number         0  stm32l1xx_opamp.o ABSOLUTE
    ..\\Libraries\\STM32L1xx_StdPeriph_Driver\\src\\stm32l1xx_pwr.c 0x00000000   Number         0  stm32l1xx_pwr.o ABSOLUTE
    ..\\Libraries\\STM32L1xx_StdPeriph_Driver\\src\\stm32l1xx_rcc.c 0x00000000   Number         0  stm32l1xx_rcc.o ABSOLUTE
    ..\\Libraries\\STM32L1xx_StdPeriph_Driver\\src\\stm32l1xx_rtc.c 0x00000000   Number         0  stm32l1xx_rtc.o ABSOLUTE
    ..\\Libraries\\STM32L1xx_StdPeriph_Driver\\src\\stm32l1xx_sdio.c 0x00000000   Number         0  stm32l1xx_sdio.o ABSOLUTE
    ..\\Libraries\\STM32L1xx_StdPeriph_Driver\\src\\stm32l1xx_spi.c 0x00000000   Number         0  stm32l1xx_spi.o ABSOLUTE
    ..\\Libraries\\STM32L1xx_StdPeriph_Driver\\src\\stm32l1xx_syscfg.c 0x00000000   Number         0  stm32l1xx_syscfg.o ABSOLUTE
    ..\\Libraries\\STM32L1xx_StdPeriph_Driver\\src\\stm32l1xx_tim.c 0x00000000   Number         0  stm32l1xx_tim.o ABSOLUTE
    ..\\Libraries\\STM32L1xx_StdPeriph_Driver\\src\\stm32l1xx_usart.c 0x00000000   Number         0  stm32l1xx_usart.o ABSOLUTE
    ..\\Libraries\\STM32L1xx_StdPeriph_Driver\\src\\stm32l1xx_wwdg.c 0x00000000   Number         0  stm32l1xx_wwdg.o ABSOLUTE
    ..\\SuperDebounce.c                      0x00000000   Number         0  superdebounce.o ABSOLUTE
    ..\\main.c                               0x00000000   Number         0  main.o ABSOLUTE
    ..\\stm32l1xx_it.c                       0x00000000   Number         0  stm32l1xx_it.o ABSOLUTE
    ..\\system_stm32l1xx.c                   0x00000000   Number         0  system_stm32l1xx.o ABSOLUTE
    ..\main.c                                0x00000000   Number         0  main.o ABSOLUTE
    ..\stm32l1xx_it.c                        0x00000000   Number         0  stm32l1xx_it.o ABSOLUTE
    ..\system_stm32l1xx.c                    0x00000000   Number         0  system_stm32l1xx.o ABSOLUTE
    dc.s                                     0x00000000   Number         0  dc.o ABSOLUTE
    handlers.s                               0x00000000   Number         0  handlers.o ABSOLUTE
    init.s                                   0x00000000   Number         0  init.o ABSOLUTE
    RESET                                    0x08000000   Section      244  startup_stm32l1xx_md.o(RESET)
    .ARM.Collect$$$$00000000                 0x080000f4   Section        0  entry.o(.ARM.Collect$$$$00000000)
    .ARM.Collect$$$$00000001                 0x080000f4   Section        4  entry2.o(.ARM.Collect$$$$00000001)
    .ARM.Collect$$$$00000004                 0x080000f8   Section        4  entry5.o(.ARM.Collect$$$$00000004)
    .ARM.Collect$$$$00000008                 0x080000fc   Section        0  entry7b.o(.ARM.Collect$$$$00000008)
    .ARM.Collect$$$$0000000A                 0x080000fc   Section        0  entry8b.o(.ARM.Collect$$$$0000000A)
    .ARM.Collect$$$$0000000B                 0x080000fc   Section        8  entry9a.o(.ARM.Collect$$$$0000000B)
    .ARM.Collect$$$$0000000D                 0x08000104   Section        0  entry10a.o(.ARM.Collect$$$$0000000D)
    .ARM.Collect$$$$0000000F                 0x08000104   Section        0  entry11a.o(.ARM.Collect$$$$0000000F)
    .ARM.Collect$$$$00002712                 0x08000104   Section        4  entry2.o(.ARM.Collect$$$$00002712)
    __lit__00000000                          0x08000104   Data           4  entry2.o(.ARM.Collect$$$$00002712)
    .text                                    0x08000108   Section       36  startup_stm32l1xx_md.o(.text)
    .text                                    0x0800012c   Section        0  fadd.o(.text)
    .text                                    0x080001dc   Section        0  fmul.o(.text)
    .text                                    0x08000248   Section        0  ffixui.o(.text)
    .text                                    0x08000270   Section        0  fepilogue.o(.text)
    .text                                    0x08000270   Section        0  iusefp.o(.text)
    .text                                    0x080002dc   Section       36  init.o(.text)
    i.BusFault_Handler                       0x08000300   Section        0  stm32l1xx_it.o(i.BusFault_Handler)
    i.DebugMon_Handler                       0x08000302   Section        0  stm32l1xx_it.o(i.DebugMon_Handler)
    i.GPIO_Conf                              0x08000304   Section        0  main.o(i.GPIO_Conf)
    i.GPIO_Init                              0x08000394   Section        0  stm32l1xx_gpio.o(i.GPIO_Init)
    i.GPIO_PinAFConfig                       0x08000432   Section        0  stm32l1xx_gpio.o(i.GPIO_PinAFConfig)
    i.HardFault_Handler                      0x08000452   Section        0  stm32l1xx_it.o(i.HardFault_Handler)
    i.MemManage_Handler                      0x08000454   Section        0  stm32l1xx_it.o(i.MemManage_Handler)
    i.NMI_Handler                            0x08000456   Section        0  stm32l1xx_it.o(i.NMI_Handler)
    i.NVIC_Conf                              0x08000458   Section        0  main.o(i.NVIC_Conf)
    i.NVIC_Init                              0x08000484   Section        0  misc.o(i.NVIC_Init)
    i.NVIC_SetVectorTable                    0x080004e8   Section        0  misc.o(i.NVIC_SetVectorTable)
    i.PendSV_Handler                         0x080004fc   Section        0  stm32l1xx_it.o(i.PendSV_Handler)
    i.RCC_AHBPeriphClockCmd                  0x08000500   Section        0  stm32l1xx_rcc.o(i.RCC_AHBPeriphClockCmd)
    i.RCC_APB1PeriphClockCmd                 0x08000518   Section        0  stm32l1xx_rcc.o(i.RCC_APB1PeriphClockCmd)
    i.SVC_Handler                            0x08000530   Section        0  stm32l1xx_it.o(i.SVC_Handler)
    i.SetSysClock                            0x08000534   Section        0  system_stm32l1xx.o(i.SetSysClock)
    SetSysClock                              0x08000535   Thumb Code   146  system_stm32l1xx.o(i.SetSysClock)
    i.SuperDebounce                          0x080005d4   Section        0  superdebounce.o(i.SuperDebounce)
    i.SysTick_CLKSourceConfig                0x08000688   Section        0  misc.o(i.SysTick_CLKSourceConfig)
    i.SysTick_Conf                           0x080006a0   Section        0  main.o(i.SysTick_Conf)
    i.SysTick_Handler                        0x080006dc   Section        0  stm32l1xx_it.o(i.SysTick_Handler)
    i.SystemInit                             0x080006f0   Section        0  system_stm32l1xx.o(i.SystemInit)
    i.TIM3_Conf                              0x08000744   Section        0  main.o(i.TIM3_Conf)
    i.TIM3_IRQHandler                        0x08000830   Section        0  stm32l1xx_it.o(i.TIM3_IRQHandler)
    i.TIM_ARRPreloadConfig                   0x08000864   Section        0  stm32l1xx_tim.o(i.TIM_ARRPreloadConfig)
    i.TIM_CCxCmd                             0x08000878   Section        0  stm32l1xx_tim.o(i.TIM_CCxCmd)
    i.TIM_ClearITPendingBit                  0x0800088e   Section        0  stm32l1xx_tim.o(i.TIM_ClearITPendingBit)
    i.TIM_Cmd                                0x08000894   Section        0  stm32l1xx_tim.o(i.TIM_Cmd)
    i.TIM_GetITStatus                        0x080008a8   Section        0  stm32l1xx_tim.o(i.TIM_GetITStatus)
    i.TIM_ITConfig                           0x080008c0   Section        0  stm32l1xx_tim.o(i.TIM_ITConfig)
    i.TIM_OC1Init                            0x080008d0   Section        0  stm32l1xx_tim.o(i.TIM_OC1Init)
    i.TIM_OC1PreloadConfig                   0x080008fc   Section        0  stm32l1xx_tim.o(i.TIM_OC1PreloadConfig)
    i.TIM_OC2Init                            0x08000908   Section        0  stm32l1xx_tim.o(i.TIM_OC2Init)
    i.TIM_OC2PreloadConfig                   0x08000944   Section        0  stm32l1xx_tim.o(i.TIM_OC2PreloadConfig)
    i.TIM_TimeBaseInit                       0x08000958   Section        0  stm32l1xx_tim.o(i.TIM_TimeBaseInit)
    i.UsageFault_Handler                     0x080009b4   Section        0  stm32l1xx_it.o(i.UsageFault_Handler)
    i.__scatterload_copy                     0x080009b6   Section       14  handlers.o(i.__scatterload_copy)
    i.__scatterload_null                     0x080009c4   Section        2  handlers.o(i.__scatterload_null)
    i.__scatterload_zeroinit                 0x080009c6   Section       14  handlers.o(i.__scatterload_zeroinit)
    i.kl1_press                              0x080009d4   Section        0  main.o(i.kl1_press)
    i.kl1_rep                                0x08000a18   Section        0  main.o(i.kl1_rep)
    i.kl2_press                              0x08000a38   Section        0  main.o(i.kl2_press)
    i.kl2_rep                                0x08000a78   Section        0  main.o(i.kl2_rep)
    i.kl3_press                              0x08000a90   Section        0  main.o(i.kl3_press)
    i.kl3_rep                                0x08000ad4   Section        0  main.o(i.kl3_rep)
    i.kl4_press                              0x08000af4   Section        0  main.o(i.kl4_press)
    i.kl4_rep                                0x08000b34   Section        0  main.o(i.kl4_rep)
    i.main                                   0x08000b4c   Section        0  main.o(i.main)
    .data                                    0x20000000   Section       12  main.o(.data)
    .data                                    0x2000000c   Section        2  superdebounce.o(.data)
    .data                                    0x2000000e   Section        2  superdebounce.o(.data)
    .data                                    0x20000010   Section        2  superdebounce.o(.data)
    .data                                    0x20000012   Section        2  superdebounce.o(.data)
    .data                                    0x20000014   Section        2  superdebounce.o(.data)
    .data                                    0x20000018   Section       29  system_stm32l1xx.o(.data)
    STACK                                    0x20000038   Section     1024  startup_stm32l1xx_md.o(STACK)

    Global Symbols

    Symbol Name                              Value     Ov Type        Size  Object(Section)

    BuildAttributes$$THM_ISAv4$P$D$K$B$S$PE$A:L22UL41UL21$X:L11$S22US41US21$IEEE1$IW$USESV6$~STKCKD$USESV7$~SHL$OTIME$ROPI$EBA8$MICROLIB$REQ8$PRES8$EABIv2 0x00000000   Number         0  anon$$obj.o ABSOLUTE
    __ARM_use_no_argv                        0x00000000   Number         0  main.o ABSOLUTE
    __cpp_initialize__aeabi_                  - Undefined Weak Reference
    __cxa_finalize                            - Undefined Weak Reference
    __decompress                              - Undefined Weak Reference
    _clock_init                               - Undefined Weak Reference
    _microlib_exit                            - Undefined Weak Reference
    __Vectors_Size                           0x000000f4   Number         0  startup_stm32l1xx_md.o ABSOLUTE
    __Vectors                                0x08000000   Data           4  startup_stm32l1xx_md.o(RESET)
    __Vectors_End                            0x080000f4   Data           0  startup_stm32l1xx_md.o(RESET)
    __main                                   0x080000f5   Thumb Code     0  entry.o(.ARM.Collect$$$$00000000)
    _main_stk                                0x080000f5   Thumb Code     0  entry2.o(.ARM.Collect$$$$00000001)
    _main_scatterload                        0x080000f9   Thumb Code     0  entry5.o(.ARM.Collect$$$$00000004)
    __main_after_scatterload                 0x080000fd   Thumb Code     0  entry5.o(.ARM.Collect$$$$00000004)
    _main_clock                              0x080000fd   Thumb Code     0  entry7b.o(.ARM.Collect$$$$00000008)
    _main_cpp_init                           0x080000fd   Thumb Code     0  entry8b.o(.ARM.Collect$$$$0000000A)
    _main_init                               0x080000fd   Thumb Code     0  entry9a.o(.ARM.Collect$$$$0000000B)
    __rt_final_cpp                           0x08000105   Thumb Code     0  entry10a.o(.ARM.Collect$$$$0000000D)
    __rt_final_exit                          0x08000105   Thumb Code     0  entry11a.o(.ARM.Collect$$$$0000000F)
    Reset_Handler                            0x08000109   Thumb Code     8  startup_stm32l1xx_md.o(.text)
    ADC1_IRQHandler                          0x08000123   Thumb Code     0  startup_stm32l1xx_md.o(.text)
    COMP_IRQHandler                          0x08000123   Thumb Code     0  startup_stm32l1xx_md.o(.text)
    DAC_IRQHandler                           0x08000123   Thumb Code     0  startup_stm32l1xx_md.o(.text)
    DMA1_Channel1_IRQHandler                 0x08000123   Thumb Code     0  startup_stm32l1xx_md.o(.text)
    DMA1_Channel2_IRQHandler                 0x08000123   Thumb Code     0  startup_stm32l1xx_md.o(.text)
    DMA1_Channel3_IRQHandler                 0x08000123   Thumb Code     0  startup_stm32l1xx_md.o(.text)
    DMA1_Channel4_IRQHandler                 0x08000123   Thumb Code     0  startup_stm32l1xx_md.o(.text)
    DMA1_Channel5_IRQHandler                 0x08000123   Thumb Code     0  startup_stm32l1xx_md.o(.text)
    DMA1_Channel6_IRQHandler                 0x08000123   Thumb Code     0  startup_stm32l1xx_md.o(.text)
    DMA1_Channel7_IRQHandler                 0x08000123   Thumb Code     0  startup_stm32l1xx_md.o(.text)
    EXTI0_IRQHandler                         0x08000123   Thumb Code     0  startup_stm32l1xx_md.o(.text)
    EXTI15_10_IRQHandler                     0x08000123   Thumb Code     0  startup_stm32l1xx_md.o(.text)
    EXTI1_IRQHandler                         0x08000123   Thumb Code     0  startup_stm32l1xx_md.o(.text)
    EXTI2_IRQHandler                         0x08000123   Thumb Code     0  startup_stm32l1xx_md.o(.text)
    EXTI3_IRQHandler                         0x08000123   Thumb Code     0  startup_stm32l1xx_md.o(.text)
    EXTI4_IRQHandler                         0x08000123   Thumb Code     0  startup_stm32l1xx_md.o(.text)
    EXTI9_5_IRQHandler                       0x08000123   Thumb Code     0  startup_stm32l1xx_md.o(.text)
    FLASH_IRQHandler                         0x08000123   Thumb Code     0  startup_stm32l1xx_md.o(.text)
    I2C1_ER_IRQHandler                       0x08000123   Thumb Code     0  startup_stm32l1xx_md.o(.text)
    I2C1_EV_IRQHandler                       0x08000123   Thumb Code     0  startup_stm32l1xx_md.o(.text)
    I2C2_ER_IRQHandler                       0x08000123   Thumb Code     0  startup_stm32l1xx_md.o(.text)
    I2C2_EV_IRQHandler                       0x08000123   Thumb Code     0  startup_stm32l1xx_md.o(.text)
    LCD_IRQHandler                           0x08000123   Thumb Code     0  startup_stm32l1xx_md.o(.text)
    PVD_IRQHandler                           0x08000123   Thumb Code     0  startup_stm32l1xx_md.o(.text)
    RCC_IRQHandler                           0x08000123   Thumb Code     0  startup_stm32l1xx_md.o(.text)
    RTC_Alarm_IRQHandler                     0x08000123   Thumb Code     0  startup_stm32l1xx_md.o(.text)
    RTC_WKUP_IRQHandler                      0x08000123   Thumb Code     0  startup_stm32l1xx_md.o(.text)
    SPI1_IRQHandler                          0x08000123   Thumb Code     0  startup_stm32l1xx_md.o(.text)
    SPI2_IRQHandler                          0x08000123   Thumb Code     0  startup_stm32l1xx_md.o(.text)
    TAMPER_STAMP_IRQHandler                  0x08000123   Thumb Code     0  startup_stm32l1xx_md.o(.text)
    TIM10_IRQHandler                         0x08000123   Thumb Code     0  startup_stm32l1xx_md.o(.text)
    TIM11_IRQHandler                         0x08000123   Thumb Code     0  startup_stm32l1xx_md.o(.text)
    TIM2_IRQHandler                          0x08000123   Thumb Code     0  startup_stm32l1xx_md.o(.text)
    TIM4_IRQHandler                          0x08000123   Thumb Code     0  startup_stm32l1xx_md.o(.text)
    TIM6_IRQHandler                          0x08000123   Thumb Code     0  startup_stm32l1xx_md.o(.text)
    TIM7_IRQHandler                          0x08000123   Thumb Code     0  startup_stm32l1xx_md.o(.text)
    TIM9_IRQHandler                          0x08000123   Thumb Code     0  startup_stm32l1xx_md.o(.text)
    USART1_IRQHandler                        0x08000123   Thumb Code     0  startup_stm32l1xx_md.o(.text)
    USART2_IRQHandler                        0x08000123   Thumb Code     0  startup_stm32l1xx_md.o(.text)
    USART3_IRQHandler                        0x08000123   Thumb Code     0  startup_stm32l1xx_md.o(.text)
    USB_FS_WKUP_IRQHandler                   0x08000123   Thumb Code     0  startup_stm32l1xx_md.o(.text)
    USB_HP_IRQHandler                        0x08000123   Thumb Code     0  startup_stm32l1xx_md.o(.text)
    USB_LP_IRQHandler                        0x08000123   Thumb Code     0  startup_stm32l1xx_md.o(.text)
    WWDG_IRQHandler                          0x08000123   Thumb Code     0  startup_stm32l1xx_md.o(.text)
    __aeabi_fadd                             0x0800012d   Thumb Code   164  fadd.o(.text)
    __aeabi_fsub                             0x080001d1   Thumb Code     6  fadd.o(.text)
    __aeabi_frsub                            0x080001d7   Thumb Code     6  fadd.o(.text)
    __aeabi_fmul                             0x080001dd   Thumb Code   108  fmul.o(.text)
    __aeabi_f2uiz                            0x08000249   Thumb Code    40  ffixui.o(.text)
    __I$use$fp                               0x08000271   Thumb Code     0  iusefp.o(.text)
    _float_round                             0x08000271   Thumb Code    18  fepilogue.o(.text)
    _float_epilogue                          0x08000283   Thumb Code    90  fepilogue.o(.text)
    __scatterload                            0x080002dd   Thumb Code    28  init.o(.text)
    __scatterload_rt2                        0x080002dd   Thumb Code     0  init.o(.text)
    BusFault_Handler                         0x08000301   Thumb Code     2  stm32l1xx_it.o(i.BusFault_Handler)
    DebugMon_Handler                         0x08000303   Thumb Code     2  stm32l1xx_it.o(i.DebugMon_Handler)
    GPIO_Conf                                0x08000305   Thumb Code   132  main.o(i.GPIO_Conf)
    GPIO_Init                                0x08000395   Thumb Code   158  stm32l1xx_gpio.o(i.GPIO_Init)
    GPIO_PinAFConfig                         0x08000433   Thumb Code    32  stm32l1xx_gpio.o(i.GPIO_PinAFConfig)
    HardFault_Handler                        0x08000453   Thumb Code     2  stm32l1xx_it.o(i.HardFault_Handler)
    MemManage_Handler                        0x08000455   Thumb Code     2  stm32l1xx_it.o(i.MemManage_Handler)
    NMI_Handler                              0x08000457   Thumb Code     2  stm32l1xx_it.o(i.NMI_Handler)
    NVIC_Conf                                0x08000459   Thumb Code    42  main.o(i.NVIC_Conf)
    NVIC_Init                                0x08000485   Thumb Code    92  misc.o(i.NVIC_Init)
    NVIC_SetVectorTable                      0x080004e9   Thumb Code    12  misc.o(i.NVIC_SetVectorTable)
    PendSV_Handler                           0x080004fd   Thumb Code     2  stm32l1xx_it.o(i.PendSV_Handler)
    RCC_AHBPeriphClockCmd                    0x08000501   Thumb Code    18  stm32l1xx_rcc.o(i.RCC_AHBPeriphClockCmd)
    RCC_APB1PeriphClockCmd                   0x08000519   Thumb Code    18  stm32l1xx_rcc.o(i.RCC_APB1PeriphClockCmd)
    SVC_Handler                              0x08000531   Thumb Code     2  stm32l1xx_it.o(i.SVC_Handler)
    SuperDebounce                            0x080005d5   Thumb Code   174  superdebounce.o(i.SuperDebounce)
    SysTick_CLKSourceConfig                  0x08000689   Thumb Code    24  misc.o(i.SysTick_CLKSourceConfig)
    SysTick_Conf                             0x080006a1   Thumb Code    52  main.o(i.SysTick_Conf)
    SysTick_Handler                          0x080006dd   Thumb Code    14  stm32l1xx_it.o(i.SysTick_Handler)
    SystemInit                               0x080006f1   Thumb Code    68  system_stm32l1xx.o(i.SystemInit)
    TIM3_Conf                                0x08000745   Thumb Code   226  main.o(i.TIM3_Conf)
    TIM3_IRQHandler                          0x08000831   Thumb Code    48  stm32l1xx_it.o(i.TIM3_IRQHandler)
    TIM_ARRPreloadConfig                     0x08000865   Thumb Code    20  stm32l1xx_tim.o(i.TIM_ARRPreloadConfig)
    TIM_CCxCmd                               0x08000879   Thumb Code    22  stm32l1xx_tim.o(i.TIM_CCxCmd)
    TIM_ClearITPendingBit                    0x0800088f   Thumb Code     6  stm32l1xx_tim.o(i.TIM_ClearITPendingBit)
    TIM_Cmd                                  0x08000895   Thumb Code    20  stm32l1xx_tim.o(i.TIM_Cmd)
    TIM_GetITStatus                          0x080008a9   Thumb Code    24  stm32l1xx_tim.o(i.TIM_GetITStatus)
    TIM_ITConfig                             0x080008c1   Thumb Code    16  stm32l1xx_tim.o(i.TIM_ITConfig)
    TIM_OC1Init                              0x080008d1   Thumb Code    44  stm32l1xx_tim.o(i.TIM_OC1Init)
    TIM_OC1PreloadConfig                     0x080008fd   Thumb Code    12  stm32l1xx_tim.o(i.TIM_OC1PreloadConfig)
    TIM_OC2Init                              0x08000909   Thumb Code    60  stm32l1xx_tim.o(i.TIM_OC2Init)
    TIM_OC2PreloadConfig                     0x08000945   Thumb Code    20  stm32l1xx_tim.o(i.TIM_OC2PreloadConfig)
    TIM_TimeBaseInit                         0x08000959   Thumb Code    70  stm32l1xx_tim.o(i.TIM_TimeBaseInit)
    UsageFault_Handler                       0x080009b5   Thumb Code     2  stm32l1xx_it.o(i.UsageFault_Handler)
    __scatterload_copy                       0x080009b7   Thumb Code    14  handlers.o(i.__scatterload_copy)
    __scatterload_null                       0x080009c5   Thumb Code     2  handlers.o(i.__scatterload_null)
    __scatterload_zeroinit                   0x080009c7   Thumb Code    14  handlers.o(i.__scatterload_zeroinit)
    kl1_press                                0x080009d5   Thumb Code    50  main.o(i.kl1_press)
    kl1_rep                                  0x08000a19   Thumb Code    20  main.o(i.kl1_rep)
    kl2_press                                0x08000a39   Thumb Code    48  main.o(i.kl2_press)
    kl2_rep                                  0x08000a79   Thumb Code    14  main.o(i.kl2_rep)
    kl3_press                                0x08000a91   Thumb Code    50  main.o(i.kl3_press)
    kl3_rep                                  0x08000ad5   Thumb Code    20  main.o(i.kl3_rep)
    kl4_press                                0x08000af5   Thumb Code    48  main.o(i.kl4_press)
    kl4_rep                                  0x08000b35   Thumb Code    14  main.o(i.kl4_rep)
    main                                     0x08000b4d   Thumb Code   134  main.o(i.main)
    Region$$Table$$Base                      0x08000c08   Number         0  anon$$obj.o(Region$$Table)
    Region$$Table$$Limit                     0x08000c28   Number         0  anon$$obj.o(Region$$Table)
    ShortLED_State                           0x20000000   Data           1  main.o(.data)
    LongLED_State                            0x20000001   Data           1  main.o(.data)
    ShortLED_Value                           0x20000004   Data           4  main.o(.data)
    LongLED_Value                            0x20000008   Data           4  main.o(.data)
    Timer1                                   0x2000000c   Data           2  superdebounce.o(.data)
    k1                                       0x2000000e   Data           2  superdebounce.o(.data)
    k2                                       0x20000010   Data           2  superdebounce.o(.data)
    k3                                       0x20000012   Data           2  superdebounce.o(.data)
    k4                                       0x20000014   Data           2  superdebounce.o(.data)
    SystemCoreClock                          0x20000018   Data           4  system_stm32l1xx.o(.data)
    PLLMulTable                              0x2000001c   Data           9  system_stm32l1xx.o(.data)
    AHBPrescTable                            0x20000025   Data          16  system_stm32l1xx.o(.data)
    __initial_sp                             0x20000438   Data           0  startup_stm32l1xx_md.o(STACK)



==============================================================================

Memory Map of the image

  Image Entry point : 0x080000f5

  Load Region LR_IROM1 (Base: 0x08000000, Size: 0x00000c60, Max: 0x00020000, ABSOLUTE)

    Execution Region ER_IROM1 (Base: 0x08000000, Size: 0x00000c28, Max: 0x00020000, ABSOLUTE)

    Base Addr    Size         Type   Attr      Idx    E Section Name        Object

    0x08000000   0x000000f4   Data   RO         4082    RESET               startup_stm32l1xx_md.o
    0x080000f4   0x00000000   Code   RO         4087  * .ARM.Collect$$$$00000000  mc_w.l(entry.o)
    0x080000f4   0x00000004   Code   RO         4096    .ARM.Collect$$$$00000001  mc_w.l(entry2.o)
    0x080000f8   0x00000004   Code   RO         4099    .ARM.Collect$$$$00000004  mc_w.l(entry5.o)
    0x080000fc   0x00000000   Code   RO         4101    .ARM.Collect$$$$00000008  mc_w.l(entry7b.o)
    0x080000fc   0x00000000   Code   RO         4103    .ARM.Collect$$$$0000000A  mc_w.l(entry8b.o)
    0x080000fc   0x00000008   Code   RO         4104    .ARM.Collect$$$$0000000B  mc_w.l(entry9a.o)
    0x08000104   0x00000000   Code   RO         4106    .ARM.Collect$$$$0000000D  mc_w.l(entry10a.o)
    0x08000104   0x00000000   Code   RO         4108    .ARM.Collect$$$$0000000F  mc_w.l(entry11a.o)
    0x08000104   0x00000004   Code   RO         4097    .ARM.Collect$$$$00002712  mc_w.l(entry2.o)
    0x08000108   0x00000024   Code   RO         4083    .text               startup_stm32l1xx_md.o
    0x0800012c   0x000000b0   Code   RO         4090    .text               mf_w.l(fadd.o)
    0x080001dc   0x0000006c   Code   RO         4092    .text               mf_w.l(fmul.o)
    0x08000248   0x00000028   Code   RO         4094    .text               mf_w.l(ffixui.o)
    0x08000270   0x00000000   Code   RO         4110    .text               mc_w.l(iusefp.o)
    0x08000270   0x0000006c   Code   RO         4111    .text               mf_w.l(fepilogue.o)
    0x080002dc   0x00000024   Code   RO         4113    .text               mc_w.l(init.o)
    0x08000300   0x00000002   Code   RO          158    i.BusFault_Handler  stm32l1xx_it.o
    0x08000302   0x00000002   Code   RO          159    i.DebugMon_Handler  stm32l1xx_it.o
    0x08000304   0x00000090   Code   RO            3    i.GPIO_Conf         main.o
    0x08000394   0x0000009e   Code   RO         1583    i.GPIO_Init         stm32l1xx_gpio.o
    0x08000432   0x00000020   Code   RO         1584    i.GPIO_PinAFConfig  stm32l1xx_gpio.o
    0x08000452   0x00000002   Code   RO          160    i.HardFault_Handler  stm32l1xx_it.o
    0x08000454   0x00000002   Code   RO          161    i.MemManage_Handler  stm32l1xx_it.o
    0x08000456   0x00000002   Code   RO          162    i.NMI_Handler       stm32l1xx_it.o
    0x08000458   0x0000002a   Code   RO            4    i.NVIC_Conf         main.o
    0x08000482   0x00000002   PAD
    0x08000484   0x00000064   Code   RO          302    i.NVIC_Init         misc.o
    0x080004e8   0x00000014   Code   RO          304    i.NVIC_SetVectorTable  misc.o
    0x080004fc   0x00000002   Code   RO          163    i.PendSV_Handler    stm32l1xx_it.o
    0x080004fe   0x00000002   PAD
    0x08000500   0x00000018   Code   RO         2245    i.RCC_AHBPeriphClockCmd  stm32l1xx_rcc.o
    0x08000518   0x00000018   Code   RO         2248    i.RCC_APB1PeriphClockCmd  stm32l1xx_rcc.o
    0x08000530   0x00000002   Code   RO          164    i.SVC_Handler       stm32l1xx_it.o
    0x08000532   0x00000002   PAD
    0x08000534   0x000000a0   Code   RO         4042    i.SetSysClock       system_stm32l1xx.o
    0x080005d4   0x000000b4   Code   RO          240    i.SuperDebounce     superdebounce.o
    0x08000688   0x00000018   Code   RO          306    i.SysTick_CLKSourceConfig  misc.o
    0x080006a0   0x0000003c   Code   RO            6    i.SysTick_Conf      main.o
    0x080006dc   0x00000014   Code   RO          165    i.SysTick_Handler   stm32l1xx_it.o
    0x080006f0   0x00000054   Code   RO         4044    i.SystemInit        system_stm32l1xx.o
    0x08000744   0x000000ec   Code   RO            7    i.TIM3_Conf         main.o
    0x08000830   0x00000034   Code   RO          166    i.TIM3_IRQHandler   stm32l1xx_it.o
    0x08000864   0x00000014   Code   RO         3286    i.TIM_ARRPreloadConfig  stm32l1xx_tim.o
    0x08000878   0x00000016   Code   RO         3287    i.TIM_CCxCmd        stm32l1xx_tim.o
    0x0800088e   0x00000006   Code   RO         3289    i.TIM_ClearITPendingBit  stm32l1xx_tim.o
    0x08000894   0x00000014   Code   RO         3294    i.TIM_Cmd           stm32l1xx_tim.o
    0x080008a8   0x00000018   Code   RO         3314    i.TIM_GetITStatus   stm32l1xx_tim.o
    0x080008c0   0x00000010   Code   RO         3318    i.TIM_ITConfig      stm32l1xx_tim.o
    0x080008d0   0x0000002c   Code   RO         3322    i.TIM_OC1Init       stm32l1xx_tim.o
    0x080008fc   0x0000000c   Code   RO         3324    i.TIM_OC1PreloadConfig  stm32l1xx_tim.o
    0x08000908   0x0000003c   Code   RO         3326    i.TIM_OC2Init       stm32l1xx_tim.o
    0x08000944   0x00000014   Code   RO         3328    i.TIM_OC2PreloadConfig  stm32l1xx_tim.o
    0x08000958   0x0000005c   Code   RO         3362    i.TIM_TimeBaseInit  stm32l1xx_tim.o
    0x080009b4   0x00000002   Code   RO          167    i.UsageFault_Handler  stm32l1xx_it.o
    0x080009b6   0x0000000e   Code   RO         4117    i.__scatterload_copy  mc_w.l(handlers.o)
    0x080009c4   0x00000002   Code   RO         4118    i.__scatterload_null  mc_w.l(handlers.o)
    0x080009c6   0x0000000e   Code   RO         4119    i.__scatterload_zeroinit  mc_w.l(handlers.o)
    0x080009d4   0x00000044   Code   RO            8    i.kl1_press         main.o
    0x08000a18   0x00000020   Code   RO            9    i.kl1_rep           main.o
    0x08000a38   0x00000040   Code   RO           10    i.kl2_press         main.o
    0x08000a78   0x00000018   Code   RO           11    i.kl2_rep           main.o
    0x08000a90   0x00000044   Code   RO           12    i.kl3_press         main.o
    0x08000ad4   0x00000020   Code   RO           13    i.kl3_rep           main.o
    0x08000af4   0x00000040   Code   RO           14    i.kl4_press         main.o
    0x08000b34   0x00000018   Code   RO           15    i.kl4_rep           main.o
    0x08000b4c   0x000000bc   Code   RO           16    i.main              main.o
    0x08000c08   0x00000020   Data   RO         4115    Region$$Table       anon$$obj.o


    Execution Region RW_IRAM1 (Base: 0x20000000, Size: 0x00000438, Max: 0x00004000, ABSOLUTE)

    Base Addr    Size         Type   Attr      Idx    E Section Name        Object

    0x20000000   0x0000000c   Data   RW           17    .data               main.o
    0x2000000c   0x00000002   Data   RW          241    .data               superdebounce.o
    0x2000000e   0x00000002   Data   RW          242    .data               superdebounce.o
    0x20000010   0x00000002   Data   RW          243    .data               superdebounce.o
    0x20000012   0x00000002   Data   RW          244    .data               superdebounce.o
    0x20000014   0x00000002   Data   RW          245    .data               superdebounce.o
    0x20000016   0x00000002   PAD
    0x20000018   0x0000001d   Data   RW         4045    .data               system_stm32l1xx.o
    0x20000035   0x00000003   PAD
    0x20000038   0x00000400   Zero   RW         4080    STACK               startup_stm32l1xx_md.o


==============================================================================

Image component sizes


      Code (inc. data)   RO Data    RW Data    ZI Data      Debug   Object Name

      1046        196          0         12          0     234141   main.o
       144         16          0          0          0     178112   misc.o
        36          8        244          0       1024        848   startup_stm32l1xx_md.o
       190          0          0          0          0       7315   stm32l1xx_gpio.o
        88         10          0          0          0       4280   stm32l1xx_it.o
        48         12          0          0          0       1069   stm32l1xx_rcc.o
       336         22          0          0          0      25051   stm32l1xx_tim.o
       180          6          0         10          0       1309   superdebounce.o
       244         30          0         29          0       1613   system_stm32l1xx.o

    ----------------------------------------------------------------------
      2318        300        276         56       1024     453738   Object Totals
         0          0         32          0          0          0   (incl. Generated)
         6          0          0          5          0          0   (incl. Padding)

    ----------------------------------------------------------------------

      Code (inc. data)   RO Data    RW Data    ZI Data      Debug   Library Member Name

         0          0          0          0          0          0   entry.o
         0          0          0          0          0          0   entry10a.o
         0          0          0          0          0          0   entry11a.o
         8          4          0          0          0          0   entry2.o
         4          0          0          0          0          0   entry5.o
         0          0          0          0          0          0   entry7b.o
         0          0          0          0          0          0   entry8b.o
         8          4          0          0          0          0   entry9a.o
        30          0          0          0          0          0   handlers.o
        36          8          0          0          0         68   init.o
         0          0          0          0          0          0   iusefp.o
       176          0          0          0          0        140   fadd.o
       108          0          0          0          0        168   fepilogue.o
        40          0          0          0          0         68   ffixui.o
       108          0          0          0          0         76   fmul.o

    ----------------------------------------------------------------------
       518         16          0          0          0        520   Library Totals
         0          0          0          0          0          0   (incl. Padding)

    ----------------------------------------------------------------------

      Code (inc. data)   RO Data    RW Data    ZI Data      Debug   Library Name

        86         16          0          0          0         68   mc_w.l
       432          0          0          0          0        452   mf_w.l

    ----------------------------------------------------------------------
       518         16          0          0          0        520   Library Totals

    ----------------------------------------------------------------------

==============================================================================


      Code (inc. data)   RO Data    RW Data    ZI Data      Debug   

      2836        316        276         56       1024     451918   Grand Totals
      2836        316        276         56       1024     451918   ELF Image Totals
      2836        316        276         56          0          0   ROM Totals

==============================================================================

    Total RO  Size (Code + RO Data)                 3112 (   3.04kB)
    Total RW  Size (RW Data + ZI Data)              1080 (   1.05kB)
    Total ROM Size (Code + RO Data + RW Data)       3168 (   3.09kB)

==============================================================================

